Archive member included to satisfy reference by file (symbol)

D:/devkitPro/libnds/lib\libmm9.a(mm_comms9.o)
                              main.o (mmPause)
D:/devkitPro/libnds/lib\libmm9.a(mm_loader.o)
                              main.o (mmInitDefaultMem)
D:/devkitPro/libnds/lib\libnds9.a(gl2d.o)
                              main.o (glScreen2D)
D:/devkitPro/libnds/lib\libnds9.a(keys.o)
                              main.o (scanKeys)
D:/devkitPro/libnds/lib\libnds9.a(trig.o)
                              D:/devkitPro/libnds/lib\libnds9.a(gl2d.o) (sinLerp)
D:/devkitPro/libnds/lib\libnds9.a(videoGL_base.o)
                              D:/devkitPro/libnds/lib\libnds9.a(gl2d.o) (glMaterialf)
D:/devkitPro/libnds/lib\libnds9.a(videoGL.o)
                              D:/devkitPro/libnds/lib\libnds9.a(gl2d.o) (glGenTextures)
D:/devkitPro/libnds/lib\libnds9.a(dynamicArray.o)
                              D:/devkitPro/libnds/lib\libnds9.a(videoGL.o) (DynamicArrayInit)
D:/devkitPro/libnds/lib\libnds9.a(system.o)
                              D:/devkitPro/libnds/lib\libnds9.a(videoGL_base.o) (powerOn)
D:/devkitPro/libnds/lib\libnds9.a(video.o)
                              D:/devkitPro/libnds/lib\libnds9.a(videoGL.o) (vramSetBanks_EFG)
D:/devkitPro/calico/lib\libcalico_ds9.a(tick.o)
                              D:/devkitPro/libnds/lib\libmm9.a(mm_comms9.o) (tickInit)
D:/devkitPro/calico/lib\libcalico_ds9.a(thread_cold.o)
                              main.o (threadIrqWait)
D:/devkitPro/calico/lib\libcalico_ds9.a(thread_hot.32.o)
                              D:/devkitPro/calico/lib\libcalico_ds9.a(thread_cold.o) (__sched_state)
D:/devkitPro/calico/lib\libcalico_ds9.a(arm-copy-fill.32.o)
                              D:/devkitPro/calico/lib\libcalico_ds9.a(thread_cold.o) (armCopyMem32)
D:/devkitPro/calico/lib\libcalico_ds9.a(arm-context.32.o)
                              D:/devkitPro/calico/lib\libcalico_ds9.a(thread_cold.o) (armContextSave)
D:/devkitPro/calico/lib\libcalico_ds9.a(arm-shims.32.o)
                              D:/devkitPro/calico/lib\libcalico_ds9.a(thread_cold.o) (armWaitForIrq)
D:/devkitPro/calico/lib\libcalico_ds9.a(arm-cache.32.o)
                              D:/devkitPro/libnds/lib\libmm9.a(mm_loader.o) (armDCacheFlush)
D:/devkitPro/calico/lib\libcalico_ds9.a(bios.o)
                              D:/devkitPro/libnds/lib\libnds9.a(videoGL.o) (svcCpuSet)
D:/devkitPro/calico/lib\libcalico_ds9.a(pxi.o)
                              D:/devkitPro/libnds/lib\libmm9.a(mm_comms9.o) (pxiSetHandler)
D:/devkitPro/calico/lib\libcalico_ds9.a(keypad.o)
                              D:/devkitPro/libnds/lib\libnds9.a(keys.o) (keypadGetState)
D:/devkitPro/calico/lib\libcalico_ds9.a(bootstub_arm9.o)
                              (__ds9_bootstub)
D:/devkitPro/calico/lib\libcalico_ds9.a(excpt_handler.32.o)
                              D:/devkitPro/calico/lib\libcalico_ds9.a(bootstub_arm9.o) (__arm_excpt_rst)
D:/devkitPro/calico/lib\libcalico_ds9.a(touch.o)
                              main.o (touchRead)
D:/devkitPro/calico/lib\libcalico_ds9.a(sound.o)
                              D:/devkitPro/libnds/lib\libmm9.a(mm_comms9.o) (soundInit)
D:/devkitPro/calico/lib\libcalico_ds9.a(irq.o)
                              D:/devkitPro/calico/lib\libcalico_ds9.a(tick.o) (irqSet)
D:/devkitPro/calico/lib\libcalico_ds9.a(mutex.o)
                              D:/devkitPro/calico/lib\libcalico_ds9.a(pxi.o) (mutexLock)
D:/devkitPro/calico/lib\libcalico_ds9.a(mailbox.o)
                              D:/devkitPro/calico/lib\libcalico_ds9.a(pxi.o) (mailboxTrySend)
D:/devkitPro/calico/lib\libcalico_ds9.a(newlib_syscalls.o)
                              D:/devkitPro/calico/lib\libcalico_ds9.a(bootstub_arm9.o) (__newlib_syscalls)
D:/devkitPro/calico/lib\libcalico_ds9.a(startup.crt0.o)
                              D:/devkitPro/calico/lib\libcalico_ds9.a(bootstub_arm9.o) (crt0Startup)
D:/devkitPro/calico/lib\libcalico_ds9.a(utils.crt0.o)
                              D:/devkitPro/calico/lib\libcalico_ds9.a(startup.crt0.o) (crt0CopyMem32)
D:/devkitPro/calico/lib\libcalico_ds9.a(irq_handler.32.o)
                              D:/devkitPro/calico/lib\libcalico_ds9.a(bootstub_arm9.o) (__arm_excpt_irq)
D:/devkitPro/calico/lib\libcalico_ds9.a(mpu_setup.crt0.o)
                              D:/devkitPro/calico/lib\libcalico_ds9.a(startup.crt0.o) (crt0SetupMPU)
D:/devkitPro/calico/lib\libcalico_ds9.a(sys_startup.o)
                              D:/devkitPro/calico/lib\libcalico_ds9.a(startup.crt0.o) (systemStartup)
D:/devkitPro/calico/lib\libcalico_ds9.a(pm.o)
                              D:/devkitPro/calico/lib\libcalico_ds9.a(sys_startup.o) (pmInit)
D:/devkitPro/devkitARM/bin/../lib/gcc/arm-none-eabi/14.2.0/../../../../arm-none-eabi/lib/thumb\libstdc++.a(del_ops.o)
                              Door.o (operator delete(void*, unsigned int))
[...]
Memory Configuration

Name             Origin             Length             Attributes
lma9             0x02004000         0x0027c000
lma9i            0x02400000         0x00280000
vectors          0x00000000         0x00000020
itcm             0x01ff8020         0x00007fe0
main             0x02001000         0x00f7f000
dtcm             0x02ff0000         0x00003e80
dldi             0x0380b000         0x00004000
stub             0x0e000000         0x00004000
tls              0x00000000         0x00000400
*default*        0x00000000         0xffffffff

Linker script and memory map

                0x020098d4                        __sync_synchronize = __sync_synchronize_none
LOAD D:/devkitPro/devkitARM/bin/../lib/gcc/arm-none-eabi/14.2.0/thumb/crti.o
LOAD D:/devkitPro/devkitARM/bin/../lib/gcc/arm-none-eabi/14.2.0/thumb/crtbegin.o
LOAD anya.o
LOAD flyer.o
LOAD shuttle.o
LOAD tilemap.o
LOAD bandit.o
LOAD blob_sprite.o
LOAD clienttest16.o
LOAD enemies.o
LOAD font.o
LOAD font_16x16.o
LOAD font_si.o
LOAD fontbubble.o
LOAD test_sprite.o
LOAD tiles.o
LOAD zero.o
LOAD soundbank.bin.o
LOAD Character.o
LOAD Door.o
LOAD Game.o
LOAD GLFont.o
LOAD GLFontManager.o
LOAD main.o
LOAD D:/devkitPro/libnds/lib\libmm9.a
LOAD D:/devkitPro/libnds/lib\libnds9.a
LOAD D:/devkitPro/calico/lib\libcalico_ds9.a
LOAD D:/devkitPro/devkitARM/bin/../lib/gcc/arm-none-eabi/14.2.0/../../../../arm-none-eabi/lib/thumb\libstdc++.a
LOAD D:/devkitPro/devkitARM/bin/../lib/gcc/arm-none-eabi/14.2.0/../../../../arm-none-eabi/lib/thumb\libm.a
START GROUP
LOAD D:/devkitPro/devkitARM/bin/../lib/gcc/arm-none-eabi/14.2.0/thumb\libgcc.a
LOAD D:/devkitPro/devkitARM/bin/../lib/gcc/arm-none-eabi/14.2.0/../../../../arm-none-eabi/lib/thumb\libg.a
LOAD D:/devkitPro/devkitARM/bin/../lib/gcc/arm-none-eabi/14.2.0/../../../../arm-none-eabi/lib/thumb\libc.a
LOAD D:/devkitPro/devkitARM/bin/../lib/gcc/arm-none-eabi/14.2.0/../../../../arm-none-eabi/lib/thumb\libsysbase.a
END GROUP
LOAD D:/devkitPro/devkitARM/bin/../lib/gcc/arm-none-eabi/14.2.0/thumb/crtend.o
LOAD D:/devkitPro/devkitARM/bin/../lib/gcc/arm-none-eabi/14.2.0/thumb/crtn.o
                0x02ff3e80                        PROVIDE (__sp_usr = (ORIGIN (dtcm) + LENGTH (dtcm)))
                0x02ff3f80                        PROVIDE (__sp_irq = (__sp_usr + 0x100))
                0x02ff3fc0                        PROVIDE (__sp_svc = (__sp_irq + 0x40))
                0x02ff3ff8                        PROVIDE (__irq_flags = (__sp_svc + 0x38))
                [!provide]                        PROVIDE (__irq_vector = (__sp_svc + 0x3c))
                [!provide]                        PROVIDE (__arm_excpt_rst = 0xffff0000)
                [!provide]                        PROVIDE (__arm_excpt_und = 0xffff0004)
                0xffff0008                        PROVIDE (__arm_excpt_svc = 0xffff0008)
                [!provide]                        PROVIDE (__arm_excpt_pabt = 0xffff000c)
                [!provide]                        PROVIDE (__arm_excpt_dabt = 0xffff0010)
                [!provide]                        PROVIDE (__arm_excpt_irq = 0xffff0018)
                [!provide]                        PROVIDE (__arm_excpt_fiq = 0xffff001c)
                0x00000000                        PROVIDE (__end__ = 0x0)

.secure         0x0e000000      0x800 load address 0x02004000
                0x0e0007fc                        . = (. + 0x7fc)
 *fill*         0x0e000000      0x7fc 00000000
                0x0e0007fc        0x4 LONG 0x0

.bootstub       0x0e000800      0x190 load address 0x02004800
 *(.bootstub .bootstub.*)
 .bootstub.__ds9_bootstub
                0x0e000800      0x190 D:/devkitPro/calico/lib\libcalico_ds9.a(bootstub_arm9.o)
                0x0e000800                __ds9_bootstub
                0x0e000990                        . = ALIGN (0x4)

.crt0           0x02001000      0x360 load address 0x02004990
 *(.crt0 .crt0.*)
 .crt0.__ds9_bootstub_trampoline
                0x02001000       0x20 D:/devkitPro/calico/lib\libcalico_ds9.a(bootstub_arm9.o)
 *.crt0.*(.text .stub .text.* .gnu.linkonce.t.*)
 .text.crt0ProcessLoadList
                0x02001020       0x74 D:/devkitPro/calico/lib\libcalico_ds9.a(startup.crt0.o)
                0x02001020                crt0ProcessLoadList
 .text.crt0Startup
                0x02001094      0x150 D:/devkitPro/calico/lib\libcalico_ds9.a(startup.crt0.o)
                0x02001094                crt0Startup
 .text.crt0CopyMem32
                0x020011e4       0x4c D:/devkitPro/calico/lib\libcalico_ds9.a(utils.crt0.o)
                0x020011e4                crt0CopyMem32
 .text.crt0FillMem32
                0x02001230       0x58 D:/devkitPro/calico/lib\libcalico_ds9.a(utils.crt0.o)
                0x02001230                crt0FillMem32
 .text.crt0SetupMPU
                0x02001288       0xb4 D:/devkitPro/calico/lib\libcalico_ds9.a(mpu_setup.crt0.o)
                0x02001288                crt0SetupMPU
 *fill*         0x0200133c        0x4 ff
 .text.crt0SetupMPU.__stub
                0x02001340        0x8 linker stubs
 *.crt0.*(.glue_7t .glue_7 .vfp11_veneer .v4_bx)
 *.crt0.*(.rodata .rodata.* .gnu.linkonce.r.*)
 *.crt0.*(.rodata1)
                0x02001360                        . = ALIGN (0x20)
 *fill*         0x02001348       0x18 ff
                0x02004990                        PROVIDE (__crt0_lma = LOADADDR (.crt0))
                0x02001000                        PROVIDE (__crt0_start = ADDR (.crt0))
                0x02001360                        PROVIDE (__crt0_end = (ADDR (.crt0) + SIZEOF (.crt0)))
                0x00000001                        ASSERT (((__crt0_end <= LOADADDR (.bootstub)) || (__crt0_start >= (LOADADDR (.bootstub) + SIZEOF (.bootstub)))), Error: crt0 section overlaps initial bootstrap)

.dldi           0x0380b000        0x0 load address 0x02004cf0
 *(.dldi)
                0x00000000                        PROVIDE (__dldi_lma = SIZEOF (.dldi)?LOADADDR (.dldi):0x0)

.vectors        0x00000000       0x20 load address 0x02004cf0
 *(.vectors)
 .vectors       0x00000000       0x20 D:/devkitPro/calico/lib\libcalico_ds9.a(bootstub_arm9.o)

.itcm           0x01ff8020      0x6a8 load address 0x02004d10
 *(.itcm .itcm.*)
 .itcm          0x01ff8020       0x30 D:/devkitPro/calico/lib\libcalico_ds9.a(bootstub_arm9.o)
                0x01ff8038                __excpt_vectors
 *.itcm.*(.text .stub .text.* .gnu.linkonce.t.*)
 *.32.o(.text .stub .text.* .gnu.linkonce.t.*)
 .text.threadReschedule
                0x01ff8050       0x88 D:/devkitPro/calico/lib\libcalico_ds9.a(thread_hot.32.o)
 .text.threadBlock
                0x01ff80d8       0xd4 D:/devkitPro/calico/lib\libcalico_ds9.a(thread_hot.32.o)
                0x01ff80d8                threadBlock
 .text.threadUnblockOneByValue
                0x01ff81ac       0xc0 D:/devkitPro/calico/lib\libcalico_ds9.a(thread_hot.32.o)
                0x01ff81ac                threadUnblockOneByValue
 .text.threadUnblockAllByValue
                0x01ff826c      0x144 D:/devkitPro/calico/lib\libcalico_ds9.a(thread_hot.32.o)
                0x01ff826c                threadUnblockAllByValue
 .text.threadUnblockAllByMask
                0x01ff83b0      0x134 D:/devkitPro/calico/lib\libcalico_ds9.a(thread_hot.32.o)
                0x01ff83b0                threadUnblockAllByMask
 .text.armContextSave
                0x01ff84e4       0x2c D:/devkitPro/calico/lib\libcalico_ds9.a(arm-context.32.o)
                0x01ff84e4                armContextSave
 .text.armContextLoad
                0x01ff8510       0x20 D:/devkitPro/calico/lib\libcalico_ds9.a(arm-context.32.o)
                0x01ff8510                armContextLoad
                0x01ff8514                armContextLoadFromSvc
 .text.armWaitForIrq
                0x01ff8530        0x8 D:/devkitPro/calico/lib\libcalico_ds9.a(arm-shims.32.o)
                0x01ff8530                armWaitForIrq
 .text.armDrainWriteBuffer
                0x01ff8538        0xc D:/devkitPro/calico/lib\libcalico_ds9.a(arm-cache.32.o)
                0x01ff8538                armDrainWriteBuffer
 .text.armDCacheFlushAll
                0x01ff8544       0x28 D:/devkitPro/calico/lib\libcalico_ds9.a(arm-cache.32.o)
                0x01ff8544                armDCacheFlushAll
 .text.armDCacheFlush
                0x01ff856c       0x1c D:/devkitPro/calico/lib\libcalico_ds9.a(arm-cache.32.o)
                0x01ff856c                armDCacheFlush
 .text.armICacheInvalidateAll
                0x01ff8588        0xc D:/devkitPro/calico/lib\libcalico_ds9.a(arm-cache.32.o)
                0x01ff8588                armICacheInvalidateAll
 .text.__excpt_entry
                0x01ff8594       0x50 D:/devkitPro/calico/lib\libcalico_ds9.a(excpt_handler.32.o)
                0x01ff8594                __arm_excpt_rst
                0x01ff8598                __arm_excpt_pabt
                0x01ff859c                __arm_excpt_und
                0x01ff85a8                __arm_excpt_dabt
 .text.__arm_excpt_irq
                0x01ff85e4       0xe4 D:/devkitPro/calico/lib\libcalico_ds9.a(irq_handler.32.o)
                0x01ff85e4                __arm_excpt_irq
 *.itcm.*(.glue_7t .glue_7 .vfp11_veneer .v4_bx)
 *.32.o(.glue_7t .glue_7 .vfp11_veneer .v4_bx)
 *.itcm.*(.rodata .rodata.* .gnu.linkonce.r.*)
 *.32.o(.rodata .rodata.* .gnu.linkonce.r.*)
 *.itcm.*(.rodata1)
 *.32.o(.rodata1)
                0x01ff86c8                        . = ALIGN (0x4)
                0x02004cf0                        PROVIDE (__itcm_lma = LOADADDR (.vectors))
                0x01ff8000                        PROVIDE (__itcm_start = (ADDR (.itcm) - SIZEOF (.vectors)))
                0x01ff86c8                        PROVIDE (__itcm_end = (ADDR (.itcm) + SIZEOF (.itcm)))
                0x00000001                        ASSERT (((__itcm_lma + SIZEOF (.vectors)) == LOADADDR (.itcm)), Error: gap between vectors and itcm)

.dtcm           0x02ff0000        0x0 load address 0x020053b8
 *(.dtcm .dtcm.*)
 *.32.o(.data .data.* .gnu.linkonce.d.*)
 *.32.o(.data1)
                0x02ff0000                        . = ALIGN (0x4)
                [!provide]                        PROVIDE (__dtcm_lma = LOADADDR (.dtcm))
                0x02ff0000                        PROVIDE (__dtcm_start = ADDR (.dtcm))
                0x02ff0000                        PROVIDE (__dtcm_end = (ADDR (.dtcm) + SIZEOF (.dtcm)))

.dtcm.bss       0x02ff0000       0x98 load address 0x020053b8
 *(.sbss .sbss.*)
 *.32.o(.dynbss)
 *.32.o(.bss .bss.* .gnu.linkonce.b.*)
 .bss.__irq_table
                0x02ff0000       0x80 D:/devkitPro/calico/lib\libcalico_ds9.a(thread_hot.32.o)
                0x02ff0000                __irq_table
 .bss.__sched_state
                0x02ff0080       0x18 D:/devkitPro/calico/lib\libcalico_ds9.a(thread_hot.32.o)
                0x02ff0080                __sched_state
 *.32.o(COMMON)
                0x02ff0098                        . = ALIGN (0x4)
                [!provide]                        PROVIDE (__dtcm_bss_start = ADDR (.dtcm.bss))
                0x02ff0098                        PROVIDE (__dtcm_bss_end = (ADDR (.dtcm.bss) + SIZEOF (.dtcm.bss)))

.main           0x02001360    0x6cee8 load address 0x020053b8
 *(SORT_NONE(.init))
 .init          0x02001360        0x4 D:/devkitPro/devkitARM/bin/../lib/gcc/arm-none-eabi/14.2.0/thumb/crti.o
                0x02001360                _init
 .init          0x02001364        0x8 D:/devkitPro/devkitARM/bin/../lib/gcc/arm-none-eabi/14.2.0/thumb/crtn.o
 EXCLUDE_FILE(*.twl.*) *(.text.unlikely .text.*_unlikely .text.unlikely.*)
 .text.unlikely._ZN9__gnu_cxx30__throw_concurrence_lock_errorEv
                0x0200136c       0x20 D:/devkitPro/devkitARM/bin/../lib/gcc/arm-none-eabi/14.2.0/../../../../arm-none-eabi/lib/thumb\libstdc++.a(guard.o)
                0x0200136c                __gnu_cxx::__throw_concurrence_lock_error()
 .text.unlikely._ZN9__gnu_cxx32__throw_concurrence_unlock_errorEv
                0x0200138c       0x20 D:/devkitPro/devkitARM/bin/../lib/gcc/arm-none-eabi/14.2.0/../../../../arm-none-eabi/lib/thumb\libstdc++.a(guard.o)
                0x0200138c                __gnu_cxx::__throw_concurrence_unlock_error()
 .text.unlikely._ZN9__gnu_cxx35__throw_concurrence_broadcast_errorEv
                0x020013ac       0x20 D:/devkitPro/devkitARM/bin/../lib/gcc/arm-none-eabi/14.2.0/../../../../arm-none-eabi/lib/thumb\libstdc++.a(guard.o)
                0x020013ac                __gnu_cxx::__throw_concurrence_broadcast_error()
 .text.unlikely._ZSt19__throw_logic_errorPKc
                0x020013cc       0x30 D:/devkitPro/devkitARM/bin/../lib/gcc/arm-none-eabi/14.2.0/../../../../arm-none-eabi/lib/thumb\libstdc++.a(functexcept.o)
                0x020013cc                std::__throw_logic_error(char const*)
 .text.unlikely._ZSt20__throw_length_errorPKc
                0x020013fc       0x30 D:/devkitPro/devkitARM/bin/../lib/gcc/arm-none-eabi/14.2.0/../../../../arm-none-eabi/lib/thumb\libstdc++.a(functexcept.o)
                0x020013fc                std::__throw_length_error(char const*)
 .text.unlikely._ZSt9terminatev
                0x0200142c        0xa D:/devkitPro/devkitARM/bin/../lib/gcc/arm-none-eabi/14.2.0/../../../../arm-none-eabi/lib/thumb\libstdc++.a(eh_terminate.o)
                0x0200142c                std::terminate()
 .text.unlikely._ZSt10unexpectedv
                0x02001436        0xa D:/devkitPro/devkitARM/bin/../lib/gcc/arm-none-eabi/14.2.0/../../../../arm-none-eabi/lib/thumb\libstdc++.a(eh_terminate.o)
                0x02001436                std::unexpected()
 .text.unlikely._ZN10__cxxabiv1L24__is_gxx_exception_classEPc
                0x02001440       0x38 D:/devkitPro/devkitARM/bin/../lib/gcc/arm-none-eabi/14.2.0/../../../../arm-none-eabi/lib/thumb\libstdc++.a(eh_call.o)
 .text.unlikely.__cxa_call_terminate
                0x02001478       0x20 D:/devkitPro/devkitARM/bin/../lib/gcc/arm-none-eabi/14.2.0/../../../../arm-none-eabi/lib/thumb\libstdc++.a(eh_call.o)
                0x02001478                __cxa_call_terminate
 .text.unlikely.__cxa_call_unexpected
                0x02001498       0xfc D:/devkitPro/devkitARM/bin/../lib/gcc/arm-none-eabi/14.2.0/../../../../arm-none-eabi/lib/thumb\libstdc++.a(eh_call.o)
                0x02001498                __cxa_call_unexpected
 .text.unlikely._Unwind_GetDataRelBase
                0x02001594        0x6 D:/devkitPro/devkitARM/bin/../lib/gcc/arm-none-eabi/14.2.0/thumb\libgcc.a(pr-support.o)
                0x02001594                _Unwind_GetDataRelBase
 .text.unlikely._Unwind_GetTextRelBase
                0x0200159a        0x6 D:/devkitPro/devkitARM/bin/../lib/gcc/arm-none-eabi/14.2.0/thumb\libgcc.a(pr-support.o)
                0x0200159a                _Unwind_GetTextRelBase
 EXCLUDE_FILE(*.twl.*) *(.text.exit .text.exit.*)
 .text.exit._GLOBAL__sub_D__ZN17__eh_globals_init7_S_initE
                0x020015a0       0x28 D:/devkitPro/devkitARM/bin/../lib/gcc/arm-none-eabi/14.2.0/../../../../arm-none-eabi/lib/thumb\libstdc++.a(eh_globals.o)
 .text.exit     0x020015c8       0x24 D:/devkitPro/devkitARM/bin/../lib/gcc/arm-none-eabi/14.2.0/../../../../arm-none-eabi/lib/thumb\libg.a(libc_a-exit.o)
                0x020015c8                exit
 EXCLUDE_FILE(*.twl.*) *(.text.startup .text.startup.*)
 .text.startup.main
                0x020015ec       0x9c main.o
                0x020015ec                main
 .text.startup._GLOBAL__sub_I__ZN9__gnu_cxx9__freeresEv
                0x02001688      0x12c D:/devkitPro/devkitARM/bin/../lib/gcc/arm-none-eabi/14.2.0/../../../../arm-none-eabi/lib/thumb\libstdc++.a(eh_alloc.o)
 .text.startup._GLOBAL__sub_I__ZN17__eh_globals_init7_S_initE
                0x020017b4       0x30 D:/devkitPro/devkitARM/bin/../lib/gcc/arm-none-eabi/14.2.0/../../../../arm-none-eabi/lib/thumb\libstdc++.a(eh_globals.o)
 .text.startup._GLOBAL__sub_I__ZN10__cxxabiv111__terminateEPFvvE
                0x020017e4       0x18 D:/devkitPro/devkitARM/bin/../lib/gcc/arm-none-eabi/14.2.0/../../../../arm-none-eabi/lib/thumb\libstdc++.a(eh_terminate.o)
 .text.startup._GLOBAL__sub_I__ZSt7nothrow
                0x020017fc       0x18 D:/devkitPro/devkitARM/bin/../lib/gcc/arm-none-eabi/14.2.0/../../../../arm-none-eabi/lib/thumb\libstdc++.a(new_handler.o)
 EXCLUDE_FILE(*.twl.*) *(.text.hot .text.hot.*)
 EXCLUDE_FILE(*.twl.*) *(.text .iplt .stub .text.* .gnu.linkonce.t.*)
 .text.__do_global_dtors_aux
                0x02001814       0x2c D:/devkitPro/devkitARM/bin/../lib/gcc/arm-none-eabi/14.2.0/thumb/crtbegin.o
 .text.frame_dummy
                0x02001840       0x24 D:/devkitPro/devkitARM/bin/../lib/gcc/arm-none-eabi/14.2.0/thumb/crtbegin.o
 .iplt          0x02001864        0x0 D:/devkitPro/devkitARM/bin/../lib/gcc/arm-none-eabi/14.2.0/thumb/crtbegin.o
 .text._ZN9CharacterD2Ev
                0x02001864        0x4 Door.o
                0x02001864                Character::~Character()
                0x02001864                Character::~Character()
 .text._ZN9Character7displayEv
                0x02001868        0x4 Door.o
                0x02001868                Character::display()
 .text._ZN9Character8get_shotEv
                0x0200186c        0x4 Door.o
                0x0200186c                Character::get_shot()
 .text._ZN9Character12depositMoneyEv
                0x02001870        0x4 Door.o
                0x02001870                Character::depositMoney()
 .text._ZN9Character7is_doneEv
                0x02001874        0x4 Door.o
                0x02001874                Character::is_done()
 .text._ZN9Character23should_switch_to_robberEv
                0x02001878        0x4 Door.o
                0x02001878                Character::should_switch_to_robber()
 .text._ZN6Robber8get_shotEv
                0x0200187c        0x8 Door.o
                0x0200187c                Robber::get_shot()
 .text._ZN6HatGuyD2Ev
                0x02001884        0x4 Door.o
                0x02001884                HatGuy::~HatGuy()
                0x02001884                HatGuy::~HatGuy()
 .text._ZN6ClientD2Ev
                0x02001888        0x4 Door.o
                0x02001888                Client::~Client()
                0x02001888                Client::~Client()
 .text._ZN6RobberD2Ev
                0x0200188c        0x4 Door.o
                0x0200188c                Robber::~Robber()
                0x0200188c                Robber::~Robber()
 .text.__tcf_0  0x02001890       0x10 Door.o
 .text._ZN6RobberD0Ev
                0x020018a0       0x10 Door.o
                0x020018a0                Robber::~Robber()
 .text._ZN9CharacterD0Ev
                0x020018b0       0x10 Door.o
                0x020018b0                Character::~Character()
 .text._ZN6ClientD0Ev
                0x020018c0       0x10 Door.o
                0x020018c0                Client::~Client()
 .text._ZN6HatGuyD0Ev
                0x020018d0       0x10 Door.o
                0x020018d0                HatGuy::~HatGuy()
 .text._ZN9Character6updateEv
                0x020018e0       0x1c Door.o
                0x020018e0                Character::update()
 .text._ZN6Client7displayEv
                0x020018fc       0x34 Door.o
                0x020018fc                Client::display()
 .text._ZN6HatGuy7displayEv
                0x02001930       0x64 Door.o
                0x02001930                HatGuy::display()
 .text._ZN6Robber7displayEv
                0x02001994       0x54 Door.o
                0x02001994                Robber::display()
 .text._ZN6HatGuy6updateEv
                0x020019e8       0x1c Door.o
                0x020019e8                HatGuy::update()
 .text._ZN6Client6updateEv
                0x02001a04       0x34 Door.o
                0x02001a04                Client::update()
 .text._ZN6Robber6updateEv
                0x02001a38       0x90 Door.o
                0x02001a38                Robber::update()
 .text._ZN6Client8get_shotEv
                0x02001ac8       0x38 Door.o
                0x02001ac8                Client::get_shot()
 .text._ZN6HatGuy8get_shotEv
                0x02001b00       0x40 Door.o
                0x02001b00                HatGuy::get_shot()
 .text._ZN6Client12depositMoneyEv
                0x02001b40       0x70 Door.o
                0x02001b40                Client::depositMoney()
 .text._ZN6HatGuy12depositMoneyEv
                0x02001bb0       0x64 Door.o
                0x02001bb0                HatGuy::depositMoney()
 .text._ZN4DoorC2Ev
                0x02001c14        0x8 Door.o
                0x02001c14                Door::Door()
                0x02001c14                Door::Door()
 .text._ZN4Door4initEiii
                0x02001c1c      0x260 Door.o
                0x02001c1c                Door::init(int, int, int)
 .text._ZN4Door4openEv
                0x02001e7c        0xc Door.o
                0x02001e7c                Door::open()
 .text._ZNK4Door6isOpenEv
                0x02001e88        0x4 Door.o
                0x02001e88                Door::isOpen() const
 .text._ZNK4Door6isDoneEv
                0x02001e8c        0x4 Door.o
                0x02001e8c                Door::isDone() const
 .text._ZNK4Door10isUnopenedEv
                0x02001e90        0x4 Door.o
                0x02001e90                Door::isUnopened() const
 .text._ZN4Door6updateEv
                0x02001e94      0x158 Door.o
                0x02001e94                Door::update()
 .text._ZN4Door7displayEv
                0x02001fec       0x40 Door.o
                0x02001fec                Door::display()
 .text._ZN4Door10handleShotEii
                0x0200202c       0x3c Door.o
                0x0200202c                Door::handleShot(int, int)
 .text.__tcf_0  0x02002068       0x10 Game.o
 .text.__tcf_1  0x02002078       0x18 Game.o
 .text._ZN4Game10handleShotEii
                0x02002090       0x7c Game.o
                0x02002090                Game::handleShot(int, int)
 .text._ZN4Game17displayDoorStatusEv
                0x0200210c       0xd0 Game.o
                0x0200210c                Game::displayDoorStatus()
 .text._ZN4Game18displayPlayerLivesEv
                0x020021dc       0x74 Game.o
                0x020021dc                Game::displayPlayerLives()
 .text._ZN4Game7displayEv
                0x02002250      0x170 Game.o
                0x02002250                Game::display()
 .text._ZN6GLFontC2Ev
                0x020023c0        0x4 GLFont.o
                0x020023c0                GLFont::GLFont()
                0x020023c0                GLFont::GLFont()
 .text._ZN6GLFont4LoadEP7glImagejPKj20GL_TEXTURE_TYPE_ENUMiiiiPKtPKh
                0x020023c4       0x34 GLFont.o
                0x020023c4                GLFont::Load(glImage*, unsigned int, unsigned int const*, GL_TEXTURE_TYPE_ENUM, int, int, int, int, unsigned short const*, unsigned char const*)
 .text._ZN6GLFont5PrintEiiPKc
                0x020023f8       0x44 GLFont.o
                0x020023f8                GLFont::Print(int, int, char const*)
 .text._ZN6GLFont13PrintCenteredEiiPKc
                0x0200243c       0x6c GLFont.o
                0x0200243c                GLFont::PrintCentered(int, int, char const*)
 .text._ZN13GLFontManager4initEv
                0x020024a8       0x88 GLFontManager.o
                0x020024a8                GLFontManager::init()
 .text._ZN13GLFontManager10renderTextEiiPKcb
                0x02002530       0x20 GLFontManager.o
                0x02002530                GLFontManager::renderText(int, int, char const*, bool)
 .text._ZN13GLFontManager18renderTextCenteredEiiPKcb
                0x02002550       0x20 GLFontManager.o
                0x02002550                GLFontManager::renderTextCentered(int, int, char const*, bool)
 .text.__tcf_0  0x02002570       0x10 main.o
 .text.__tcf_1  0x02002580       0x18 main.o
 .text._ZSt25__unguarded_linear_insertIN9__gnu_cxx17__normal_iteratorIP14HighScoreEntrySt6vectorIS2_SaIS2_EEEENS0_5__ops14_Val_less_iterEEvT_T0_.isra.0
                0x02002598      0x170 main.o
 .text._ZSt16__insertion_sortIN9__gnu_cxx17__normal_iteratorIP14HighScoreEntrySt6vectorIS2_SaIS2_EEEENS0_5__ops15_Iter_less_iterEEvT_SA_T0_.isra.0
                0x02002708      0x210 main.o
 .text._ZSt13__adjust_heapIN9__gnu_cxx17__normal_iteratorIP14HighScoreEntrySt6vectorIS2_SaIS2_EEEEiS2_NS0_5__ops15_Iter_less_iterEEvT_T0_SB_T1_T2_.isra.0
                0x02002918      0x3c8 main.o
 .text._ZN4Game6updateEv
                0x02002ce0      0x378 main.o
                0x02002ce0                Game::update()
 .text._ZN3App4initEv
                0x02003058      0x17c main.o
                0x02003058                App::init()
 .text._ZN3App3runEv
                0x020031d4      0x724 main.o
                0x020031d4                App::run()
 .text._ZNSt6vectorI14HighScoreEntrySaIS0_EE17_M_realloc_appendIJS0_EEEvDpOT_
                0x020038f8      0x14c main.o
                0x020038f8                void std::vector<HighScoreEntry, std::allocator<HighScoreEntry> >::_M_realloc_append<HighScoreEntry>(HighScoreEntry&&)
 .text._ZNSt6vectorI14HighScoreEntrySaIS0_EE12emplace_backIJS0_EEERS0_DpOT_.isra.0
                0x02003a44       0x54 main.o
 .text._ZSt4swapI14HighScoreEntryENSt9enable_ifIXsrSt6__and_IJSt6__not_ISt15__is_tuple_likeIT_EESt21is_move_constructibleIS5_ESt18is_move_assignableIS5_EEE5valueEvE4typeERS5_SF_
                0x02003a98      0x120 main.o
                0x02003a98                std::enable_if<std::__and_<std::__not_<std::__is_tuple_like<HighScoreEntry> >, std::is_move_constructible<HighScoreEntry>, std::is_move_assignable<HighScoreEntry> >::value, void>::type std::swap<HighScoreEntry>(HighScoreEntry&, HighScoreEntry&)
 .text._ZSt13__heap_selectIN9__gnu_cxx17__normal_iteratorIP14HighScoreEntrySt6vectorIS2_SaIS2_EEEENS0_5__ops15_Iter_less_iterEEvT_SA_SA_T0_
                0x02003bb8      0x270 main.o
                0x02003bb8                void std::__heap_select<__gnu_cxx::__normal_iterator<HighScoreEntry*, std::vector<HighScoreEntry, std::allocator<HighScoreEntry> > >, __gnu_cxx::__ops::_Iter_less_iter>(__gnu_cxx::__normal_iterator<HighScoreEntry*, std::vector<HighScoreEntry, std::allocator<HighScoreEntry> > >, __gnu_cxx::__normal_iterator<HighScoreEntry*, std::vector<HighScoreEntry, std::allocator<HighScoreEntry> > >, __gnu_cxx::__normal_iterator<HighScoreEntry*, std::vector<HighScoreEntry, std::allocator<HighScoreEntry> > >, __gnu_cxx::__ops::_Iter_less_iter)
 .text._ZSt16__introsort_loopIN9__gnu_cxx17__normal_iteratorIP14HighScoreEntrySt6vectorIS2_SaIS2_EEEEiNS0_5__ops15_Iter_less_iterEEvT_SA_T0_T1_.isra.0
                0x02003e28      0x414 main.o
 .text._ZN14HighScoreTableC2Ev
                0x0200423c      0x2d4 main.o
                0x0200423c                HighScoreTable::HighScoreTable()
                0x0200423c                HighScoreTable::HighScoreTable()
 .text._mmPxiHandler
                0x02004510       0x78 D:/devkitPro/libnds/lib\libmm9.a(mm_comms9.o)
 .text._mmCreateEffectHandle
                0x02004588       0x80 D:/devkitPro/libnds/lib\libmm9.a(mm_comms9.o)
 .text.mmInit   0x02004608       0x70 D:/devkitPro/libnds/lib\libmm9.a(mm_comms9.o)
                0x02004608                mmInit
 .text.mmPause  0x02004678       0x20 D:/devkitPro/libnds/lib\libmm9.a(mm_comms9.o)
                0x02004678                mmPause
 .text.mmResume
                0x02004698       0x24 D:/devkitPro/libnds/lib\libmm9.a(mm_comms9.o)
                0x02004698                mmResume
 .text.mmEffectEx
                0x020046bc       0x84 D:/devkitPro/libnds/lib\libmm9.a(mm_comms9.o)
                0x020046bc                mmEffectEx
 .text._mmLoadSample
                0x02004740       0x74 D:/devkitPro/libnds/lib\libmm9.a(mm_loader.o)
 .text.mmInitDefaultMem
                0x020047b4       0xb8 D:/devkitPro/libnds/lib\libmm9.a(mm_loader.o)
                0x020047b4                mmInitDefaultMem
 .text.mmLoad   0x0200486c       0xb8 D:/devkitPro/libnds/lib\libmm9.a(mm_loader.o)
                0x0200486c                mmLoad
 .text.mmLoadEffect
                0x02004924       0x48 D:/devkitPro/libnds/lib\libmm9.a(mm_loader.o)
                0x02004924                mmLoadEffect
 .text.SetOrtho
                0x0200496c      0x184 D:/devkitPro/libnds/lib\libnds9.a(gl2d.o)
                0x0200496c                SetOrtho
 .text.glScreen2D
                0x02004af0      0x53c D:/devkitPro/libnds/lib\libnds9.a(gl2d.o)
                0x02004af0                glScreen2D
 .text.glBegin2D
                0x0200502c       0x84 D:/devkitPro/libnds/lib\libnds9.a(gl2d.o)
                0x0200502c                glBegin2D
 .text.glEnd2D  0x020050b0       0x1c D:/devkitPro/libnds/lib\libnds9.a(gl2d.o)
                0x020050b0                glEnd2D
 .text.glBoxFilled
                0x020050cc       0x98 D:/devkitPro/libnds/lib\libnds9.a(gl2d.o)
                0x020050cc                glBoxFilled
 .text.glSprite
                0x02005164      0x108 D:/devkitPro/libnds/lib\libnds9.a(gl2d.o)
                0x02005164                glSprite
 .text.glLoadSpriteSet
                0x0200526c       0x84 D:/devkitPro/libnds/lib\libnds9.a(gl2d.o)
                0x0200526c                glLoadSpriteSet
 .text.glLoadTileSet
                0x020052f0       0xdc D:/devkitPro/libnds/lib\libnds9.a(gl2d.o)
                0x020052f0                glLoadTileSet
 .text.scanKeys
                0x020053cc       0x6c D:/devkitPro/libnds/lib\libnds9.a(keys.o)
                0x020053cc                scanKeys
 .text.keysDown
                0x02005438       0x10 D:/devkitPro/libnds/lib\libnds9.a(keys.o)
                0x02005438                keysDown
 .text.tanLerp  0x02005448       0xb0 D:/devkitPro/libnds/lib\libnds9.a(trig.o)
                0x02005448                tanLerp
 .text.glMaterialf
                0x020054f8       0x7c D:/devkitPro/libnds/lib\libnds9.a(videoGL_base.o)
                0x020054f8                glMaterialf
 .text.glInit   0x02005574       0xdc D:/devkitPro/libnds/lib\libnds9.a(videoGL_base.o)
                0x02005574                glInit
 .text.vramBlock__deallocateBlock.part.0
                0x02005650      0x1b0 D:/devkitPro/libnds/lib\libnds9.a(videoGL.o)
 .text.vramBlock_init
                0x02005800       0x5c D:/devkitPro/libnds/lib\libnds9.a(videoGL.o)
                0x02005800                vramBlock_init
 .text.vramBlock__allocateBlock
                0x0200585c      0x17c D:/devkitPro/libnds/lib\libnds9.a(videoGL.o)
                0x0200585c                vramBlock__allocateBlock
 .text.vramBlock_examineSpecial
                0x020059d8      0x26c D:/devkitPro/libnds/lib\libnds9.a(videoGL.o)
                0x020059d8                vramBlock_examineSpecial
 .text.vramBlock_allocateSpecial
                0x02005c44       0x6c D:/devkitPro/libnds/lib\libnds9.a(videoGL.o)
                0x02005c44                vramBlock_allocateSpecial
 .text.vramBlock_allocateBlock
                0x02005cb0       0x30 D:/devkitPro/libnds/lib\libnds9.a(videoGL.o)
                0x02005cb0                vramBlock_allocateBlock
 .text.vramBlock_deallocateBlock
                0x02005ce0       0x44 D:/devkitPro/libnds/lib\libnds9.a(videoGL.o)
                0x02005ce0                vramBlock_deallocateBlock
 .text.removePaletteFromTexture.part.0
                0x02005d24       0x7c D:/devkitPro/libnds/lib\libnds9.a(videoGL.o)
 .text._glInitGlobals
                0x02005da0       0xc8 D:/devkitPro/libnds/lib\libnds9.a(videoGL.o)
                0x02005da0                _glInitGlobals
 .text.glGenTextures
                0x02005e68       0x90 D:/devkitPro/libnds/lib\libnds9.a(videoGL.o)
                0x02005e68                glGenTextures
 .text.vramGetBank
                0x02005ef8       0xb8 D:/devkitPro/libnds/lib\libnds9.a(videoGL.o)
                0x02005ef8                vramGetBank
 .text.glBindTexture
                0x02005fb0       0x5c D:/devkitPro/libnds/lib\libnds9.a(videoGL.o)
                0x02005fb0                glBindTexture
 .text.glColorTableEXT
                0x0200600c      0x1d0 D:/devkitPro/libnds/lib\libnds9.a(videoGL.o)
                0x0200600c                glColorTableEXT
 .text.glTexImage2D
                0x020061dc      0x408 D:/devkitPro/libnds/lib\libnds9.a(videoGL.o)
                0x020061dc                glTexImage2D
 .text.DynamicArrayInit
                0x020065e4       0x18 D:/devkitPro/libnds/lib\libnds9.a(dynamicArray.o)
                0x020065e4                DynamicArrayInit
 .text.DynamicArrayGet
                0x020065fc       0x18 D:/devkitPro/libnds/lib\libnds9.a(dynamicArray.o)
                0x020065fc                DynamicArrayGet
 .text.DynamicArraySet
                0x02006614       0x48 D:/devkitPro/libnds/lib\libnds9.a(dynamicArray.o)
                0x02006614                DynamicArraySet
 .text.powerOn  0x0200665c       0x18 D:/devkitPro/libnds/lib\libnds9.a(system.o)
                0x0200665c                powerOn
 .text.vramRestorePrimaryBanks
                0x02006674        0xc D:/devkitPro/libnds/lib\libnds9.a(video.o)
                0x02006674                vramRestorePrimaryBanks
 .text.vramRestoreBanks_EFG
                0x02006680        0xc D:/devkitPro/libnds/lib\libnds9.a(video.o)
                0x02006680                vramRestoreBanks_EFG
 .text._tickCountIsr
                0x0200668c       0x1c D:/devkitPro/calico/lib\libcalico_ds9.a(tick.o)
 .text._tickTaskSchedule.part.0.isra.0
                0x020066a8       0x98 D:/devkitPro/calico/lib\libcalico_ds9.a(tick.o)
 .text.tickInit
                0x02006740       0x8c D:/devkitPro/calico/lib\libcalico_ds9.a(tick.o)
                0x02006740                tickInit
 .text.tickGetCount
                0x020067cc       0x6c D:/devkitPro/calico/lib\libcalico_ds9.a(tick.o)
                0x020067cc                tickGetCount
 .text._tickTaskIsr
                0x02006838      0x110 D:/devkitPro/calico/lib\libcalico_ds9.a(tick.o)
 .text.tickTaskStart
                0x02006948      0x11c D:/devkitPro/calico/lib\libcalico_ds9.a(tick.o)
                0x02006948                tickTaskStart
 .text.threadExit
                0x02006a64       0x98 D:/devkitPro/calico/lib\libcalico_ds9.a(thread_cold.o)
                0x02006a64                threadExit
 .text._threadTickTask
                0x02006afc       0x10 D:/devkitPro/calico/lib\libcalico_ds9.a(thread_cold.o)
 .text._threadInit
                0x02006b0c       0x98 D:/devkitPro/calico/lib\libcalico_ds9.a(thread_cold.o)
                0x02006b0c                _threadInit
 .text.threadPrepare
                0x02006ba4       0x98 D:/devkitPro/calico/lib\libcalico_ds9.a(thread_cold.o)
                0x02006ba4                threadPrepare
 .text.threadStart
                0x02006c3c       0xc0 D:/devkitPro/calico/lib\libcalico_ds9.a(thread_cold.o)
                0x02006c3c                threadStart
 .text.threadIrqWait
                0x02006cfc       0x98 D:/devkitPro/calico/lib\libcalico_ds9.a(thread_cold.o)
                0x02006cfc                threadIrqWait
 .text.threadSleepTicks
                0x02006d94       0x58 D:/devkitPro/calico/lib\libcalico_ds9.a(thread_cold.o)
                0x02006d94                threadSleepTicks
 .text.svcCpuSet
                0x02006dec        0x4 D:/devkitPro/calico/lib\libcalico_ds9.a(bios.o)
                0x02006dec                svcCpuSet
 .text._pxiMailboxHandler
                0x02006df0        0x4 D:/devkitPro/calico/lib\libcalico_ds9.a(pxi.o)
 .text._pxiRecvUnhandled
                0x02006df4        0x4 D:/devkitPro/calico/lib\libcalico_ds9.a(pxi.o)
                0x02006df4                _pxiRecvUnhandled
 .text._pxiRecvIrqHandler
                0x02006df8      0x154 D:/devkitPro/calico/lib\libcalico_ds9.a(pxi.o)
 .text._pxiInit
                0x02006f4c       0x58 D:/devkitPro/calico/lib\libcalico_ds9.a(pxi.o)
                0x02006f4c                _pxiInit
 .text.pxiSetHandler
                0x02006fa4       0x74 D:/devkitPro/calico/lib\libcalico_ds9.a(pxi.o)
                0x02006fa4                pxiSetHandler
 .text.pxiSetMailbox
                0x02007018       0x68 D:/devkitPro/calico/lib\libcalico_ds9.a(pxi.o)
                0x02007018                pxiSetMailbox
 .text.pxiWaitRemote
                0x02007080       0x38 D:/devkitPro/calico/lib\libcalico_ds9.a(pxi.o)
                0x02007080                pxiWaitRemote
 .text.pxiSendPacket
                0x020070b8       0x50 D:/devkitPro/calico/lib\libcalico_ds9.a(pxi.o)
                0x020070b8                pxiSendPacket
 .text.pxiSendExtPacket
                0x02007108       0x98 D:/devkitPro/calico/lib\libcalico_ds9.a(pxi.o)
                0x02007108                pxiSendExtPacket
 .text.keypadGetState
                0x020071a0       0x28 D:/devkitPro/calico/lib\libcalico_ds9.a(keypad.o)
                0x020071a0                keypadGetState
 .text.touchRead
                0x020071c8       0x58 D:/devkitPro/calico/lib\libcalico_ds9.a(touch.o)
                0x020071c8                touchRead
 .text._soundPxiCheckCredits
                0x02007220       0x70 D:/devkitPro/calico/lib\libcalico_ds9.a(sound.o)
 .text._soundPxiHandler
                0x02007290       0x3c D:/devkitPro/calico/lib\libcalico_ds9.a(sound.o)
 .text.soundInit
                0x020072cc       0x64 D:/devkitPro/calico/lib\libcalico_ds9.a(sound.o)
                0x020072cc                soundInit
 .text.soundSetMixerSleep
                0x02007330       0x2c D:/devkitPro/calico/lib\libcalico_ds9.a(sound.o)
                0x02007330                soundSetMixerSleep
 .text.irqSet   0x0200735c       0x64 D:/devkitPro/calico/lib\libcalico_ds9.a(irq.o)
                0x0200735c                irqSet
 .text.threadUpdateDynamicPrio
                0x020073c0      0x1c4 D:/devkitPro/calico/lib\libcalico_ds9.a(mutex.o)
 .text.threadRemoveWaiter
                0x02007584      0x1a8 D:/devkitPro/calico/lib\libcalico_ds9.a(mutex.o)
 .text.mutexLock
                0x0200772c      0x144 D:/devkitPro/calico/lib\libcalico_ds9.a(mutex.o)
                0x0200772c                mutexLock
 .text.mutexUnlock
                0x02007870       0xbc D:/devkitPro/calico/lib\libcalico_ds9.a(mutex.o)
                0x02007870                mutexUnlock
 .text.mailboxTrySend
                0x0200792c       0x9c D:/devkitPro/calico/lib\libcalico_ds9.a(mailbox.o)
                0x0200792c                mailboxTrySend
 .text.mailboxRecv
                0x020079c8       0x8c D:/devkitPro/calico/lib\libcalico_ds9.a(mailbox.o)
                0x020079c8                mailboxRecv
 .text.__syscall_getreent
                0x02007a54       0x14 D:/devkitPro/calico/lib\libcalico_ds9.a(newlib_syscalls.o)
                0x02007a54                __syscall_getreent
 .text.__errno  0x02007a68       0x24 D:/devkitPro/calico/lib\libcalico_ds9.a(newlib_syscalls.o)
                0x02007a68                __errno
 .text.__syscall_gettod_r
                0x02007a8c       0x30 D:/devkitPro/calico/lib\libcalico_ds9.a(newlib_syscalls.o)
                0x02007a8c                __syscall_gettod_r
 .text.__syscall_lock_acquire
                0x02007abc        0x4 D:/devkitPro/calico/lib\libcalico_ds9.a(newlib_syscalls.o)
                0x02007abc                __syscall_lock_acquire
 .text.__syscall_lock_release
                0x02007ac0        0x4 D:/devkitPro/calico/lib\libcalico_ds9.a(newlib_syscalls.o)
                0x02007ac0                __syscall_lock_release
 .text.__syscall_lock_acquire_recursive
                0x02007ac4       0x40 D:/devkitPro/calico/lib\libcalico_ds9.a(newlib_syscalls.o)
                0x02007ac4                __syscall_lock_acquire_recursive
 .text.__syscall_lock_release_recursive
                0x02007b04       0x18 D:/devkitPro/calico/lib\libcalico_ds9.a(newlib_syscalls.o)
                0x02007b04                __syscall_lock_release_recursive
 .text.systemUserStartup
                0x02007b1c        0x4 D:/devkitPro/calico/lib\libcalico_ds9.a(sys_startup.o)
                0x02007b1c                systemUserStartup
 .text.systemStartup
                0x02007b20      0x104 D:/devkitPro/calico/lib\libcalico_ds9.a(sys_startup.o)
                0x02007b20                systemStartup
 .text._pmCallEventHandlers
                0x02007c24       0x40 D:/devkitPro/calico/lib\libcalico_ds9.a(pm.o)
 .text._pmPxiThreadMain
                0x02007c64       0xa0 D:/devkitPro/calico/lib\libcalico_ds9.a(pm.o)
 .text._pmResetPxiHandler
                0x02007d04       0x28 D:/devkitPro/calico/lib\libcalico_ds9.a(pm.o)
 .text.systemUserExit
                0x02007d2c        0x4 D:/devkitPro/calico/lib\libcalico_ds9.a(pm.o)
                0x02007d2c                systemUserExit
 .text.systemErrorExit
                0x02007d30        0x4 D:/devkitPro/calico/lib\libcalico_ds9.a(pm.o)
                0x02007d30                systemErrorExit
 .text.__syscall_exit
                0x02007d34      0x138 D:/devkitPro/calico/lib\libcalico_ds9.a(pm.o)
                0x02007d34                __syscall_exit
 .text.pmInit   0x02007e6c       0x58 D:/devkitPro/calico/lib\libcalico_ds9.a(pm.o)
                0x02007e6c                pmInit
 .text._ZdlPvj  0x02007ec4        0xc D:/devkitPro/devkitARM/bin/../lib/gcc/arm-none-eabi/14.2.0/../../../../arm-none-eabi/lib/thumb\libstdc++.a(del_ops.o)
                0x02007ec4                operator delete(void*, unsigned int)
 .text._ZNK9__gnu_cxx24__concurrence_lock_error4whatEv
                0x02007ed0        0x8 D:/devkitPro/devkitARM/bin/../lib/gcc/arm-none-eabi/14.2.0/../../../../arm-none-eabi/lib/thumb\libstdc++.a(guard.o)
                0x02007ed0                __gnu_cxx::__concurrence_lock_error::what() const
 .text._ZNK9__gnu_cxx26__concurrence_unlock_error4whatEv
                0x02007ed8        0x8 D:/devkitPro/devkitARM/bin/../lib/gcc/arm-none-eabi/14.2.0/../../../../arm-none-eabi/lib/thumb\libstdc++.a(guard.o)
                0x02007ed8                __gnu_cxx::__concurrence_unlock_error::what() const
 .text._ZNK9__gnu_cxx29__concurrence_broadcast_error4whatEv
                0x02007ee0        0x8 D:/devkitPro/devkitARM/bin/../lib/gcc/arm-none-eabi/14.2.0/../../../../arm-none-eabi/lib/thumb\libstdc++.a(guard.o)
                0x02007ee0                __gnu_cxx::__concurrence_broadcast_error::what() const
 .text._ZNK9__gnu_cxx24__concurrence_wait_error4whatEv
                0x02007ee8        0x8 D:/devkitPro/devkitARM/bin/../lib/gcc/arm-none-eabi/14.2.0/../../../../arm-none-eabi/lib/thumb\libstdc++.a(guard.o)
                0x02007ee8                __gnu_cxx::__concurrence_wait_error::what() const
 .text._ZN12_GLOBAL__N_1L4initEv
                0x02007ef0       0x20 D:/devkitPro/devkitARM/bin/../lib/gcc/arm-none-eabi/14.2.0/../../../../arm-none-eabi/lib/thumb\libstdc++.a(guard.o)
 .text._ZN12_GLOBAL__N_1L16init_static_condEv
                0x02007f10       0x18 D:/devkitPro/devkitARM/bin/../lib/gcc/arm-none-eabi/14.2.0/../../../../arm-none-eabi/lib/thumb\libstdc++.a(guard.o)
 .text._ZN9__gnu_cxx24__concurrence_lock_errorD2Ev
                0x02007f28       0x18 D:/devkitPro/devkitARM/bin/../lib/gcc/arm-none-eabi/14.2.0/../../../../arm-none-eabi/lib/thumb\libstdc++.a(guard.o)
                0x02007f28                __gnu_cxx::__concurrence_lock_error::~__concurrence_lock_error()
                0x02007f28                __gnu_cxx::__concurrence_lock_error::~__concurrence_lock_error()
 .text._ZN9__gnu_cxx24__concurrence_lock_errorD0Ev
                0x02007f40       0x20 D:/devkitPro/devkitARM/bin/../lib/gcc/arm-none-eabi/14.2.0/../../../../arm-none-eabi/lib/thumb\libstdc++.a(guard.o)
                0x02007f40                __gnu_cxx::__concurrence_lock_error::~__concurrence_lock_error()
 .text._ZN9__gnu_cxx24__concurrence_wait_errorD2Ev
                0x02007f60       0x18 D:/devkitPro/devkitARM/bin/../lib/gcc/arm-none-eabi/14.2.0/../../../../arm-none-eabi/lib/thumb\libstdc++.a(guard.o)
                0x02007f60                __gnu_cxx::__concurrence_wait_error::~__concurrence_wait_error()
                0x02007f60                __gnu_cxx::__concurrence_wait_error::~__concurrence_wait_error()
 .text._ZN9__gnu_cxx24__concurrence_wait_errorD0Ev
                0x02007f78       0x20 D:/devkitPro/devkitARM/bin/../lib/gcc/arm-none-eabi/14.2.0/../../../../arm-none-eabi/lib/thumb\libstdc++.a(guard.o)
                0x02007f78                __gnu_cxx::__concurrence_wait_error::~__concurrence_wait_error()
 .text._ZN9__gnu_cxx26__concurrence_unlock_errorD2Ev
                0x02007f98       0x18 D:/devkitPro/devkitARM/bin/../lib/gcc/arm-none-eabi/14.2.0/../../../../arm-none-eabi/lib/thumb\libstdc++.a(guard.o)
                0x02007f98                __gnu_cxx::__concurrence_unlock_error::~__concurrence_unlock_error()
                0x02007f98                __gnu_cxx::__concurrence_unlock_error::~__concurrence_unlock_error()
 .text._ZN9__gnu_cxx26__concurrence_unlock_errorD0Ev
                0x02007fb0       0x20 D:/devkitPro/devkitARM/bin/../lib/gcc/arm-none-eabi/14.2.0/../../../../arm-none-eabi/lib/thumb\libstdc++.a(guard.o)
                0x02007fb0                __gnu_cxx::__concurrence_unlock_error::~__concurrence_unlock_error()
 .text._ZN9__gnu_cxx29__concurrence_broadcast_errorD2Ev
                0x02007fd0       0x18 D:/devkitPro/devkitARM/bin/../lib/gcc/arm-none-eabi/14.2.0/../../../../arm-none-eabi/lib/thumb\libstdc++.a(guard.o)
                0x02007fd0                __gnu_cxx::__concurrence_broadcast_error::~__concurrence_broadcast_error()
                0x02007fd0                __gnu_cxx::__concurrence_broadcast_error::~__concurrence_broadcast_error()
 .text._ZN9__gnu_cxx29__concurrence_broadcast_errorD0Ev
                0x02007fe8       0x20 D:/devkitPro/devkitARM/bin/../lib/gcc/arm-none-eabi/14.2.0/../../../../arm-none-eabi/lib/thumb\libstdc++.a(guard.o)
                0x02007fe8                __gnu_cxx::__concurrence_broadcast_error::~__concurrence_broadcast_error()
 .text.__cxa_guard_acquire
                0x02008008      0x12c D:/devkitPro/devkitARM/bin/../lib/gcc/arm-none-eabi/14.2.0/../../../../arm-none-eabi/lib/thumb\libstdc++.a(guard.o)
                0x02008008                __cxa_guard_acquire
 .text.__cxa_guard_release
                0x02008134       0x80 D:/devkitPro/devkitARM/bin/../lib/gcc/arm-none-eabi/14.2.0/../../../../arm-none-eabi/lib/thumb\libstdc++.a(guard.o)
                0x02008134                __cxa_guard_release
 .text._ZN9__gnu_cxx20recursive_init_errorD2Ev
                0x020081b4       0x18 D:/devkitPro/devkitARM/bin/../lib/gcc/arm-none-eabi/14.2.0/../../../../arm-none-eabi/lib/thumb\libstdc++.a(guard_error.o)
                0x020081b4                __gnu_cxx::recursive_init_error::~recursive_init_error()
                0x020081b4                __gnu_cxx::recursive_init_error::~recursive_init_error()
 .text._ZN9__gnu_cxx20recursive_init_errorD0Ev
                0x020081cc       0x20 D:/devkitPro/devkitARM/bin/../lib/gcc/arm-none-eabi/14.2.0/../../../../arm-none-eabi/lib/thumb\libstdc++.a(guard_error.o)
                0x020081cc                __gnu_cxx::recursive_init_error::~recursive_init_error()
 .text._ZN9__gnu_cxx20recursive_init_errorC2Ev
                0x020081ec        0xc D:/devkitPro/devkitARM/bin/../lib/gcc/arm-none-eabi/14.2.0/../../../../arm-none-eabi/lib/thumb\libstdc++.a(guard_error.o)
                0x020081ec                __gnu_cxx::recursive_init_error::recursive_init_error()
                0x020081ec                __gnu_cxx::recursive_init_error::recursive_init_error()
 .text._Znwj    0x020081f8       0x48 D:/devkitPro/devkitARM/bin/../lib/gcc/arm-none-eabi/14.2.0/../../../../arm-none-eabi/lib/thumb\libstdc++.a(new_op.o)
                0x020081f8                operator new(unsigned int)
 .text._ZN10__cxxabiv120__si_class_type_infoD2Ev
                0x02008240       0x18 D:/devkitPro/devkitARM/bin/../lib/gcc/arm-none-eabi/14.2.0/../../../../arm-none-eabi/lib/thumb\libstdc++.a(si_class_type_info.o)
                0x02008240                __cxxabiv1::__si_class_type_info::~__si_class_type_info()
                0x02008240                __cxxabiv1::__si_class_type_info::~__si_class_type_info()
 .text._ZN10__cxxabiv120__si_class_type_infoD0Ev
                0x02008258       0x20 D:/devkitPro/devkitARM/bin/../lib/gcc/arm-none-eabi/14.2.0/../../../../arm-none-eabi/lib/thumb\libstdc++.a(si_class_type_info.o)
                0x02008258                __cxxabiv1::__si_class_type_info::~__si_class_type_info()
 .text._ZNK10__cxxabiv120__si_class_type_info12__do_dyncastEiNS_17__class_type_info10__sub_kindEPKS1_PKvS4_S6_RNS1_16__dyncast_resultE
                0x02008278       0xd8 D:/devkitPro/devkitARM/bin/../lib/gcc/arm-none-eabi/14.2.0/../../../../arm-none-eabi/lib/thumb\libstdc++.a(si_class_type_info.o)
                0x02008278                __cxxabiv1::__si_class_type_info::__do_dyncast(int, __cxxabiv1::__class_type_info::__sub_kind, __cxxabiv1::__class_type_info const*, void const*, __cxxabiv1::__class_type_info const*, void const*, __cxxabiv1::__class_type_info::__dyncast_result&) const
 .text._ZNK10__cxxabiv120__si_class_type_info20__do_find_public_srcEiPKvPKNS_17__class_type_infoES2_
                0x02008350       0x5c D:/devkitPro/devkitARM/bin/../lib/gcc/arm-none-eabi/14.2.0/../../../../arm-none-eabi/lib/thumb\libstdc++.a(si_class_type_info.o)
                0x02008350                __cxxabiv1::__si_class_type_info::__do_find_public_src(int, void const*, __cxxabiv1::__class_type_info const*, void const*) const
 .text._ZNK10__cxxabiv120__si_class_type_info11__do_upcastEPKNS_17__class_type_infoEPKvRNS1_15__upcast_resultE
                0x020083ac       0x2c D:/devkitPro/devkitARM/bin/../lib/gcc/arm-none-eabi/14.2.0/../../../../arm-none-eabi/lib/thumb\libstdc++.a(si_class_type_info.o)
                0x020083ac                __cxxabiv1::__si_class_type_info::__do_upcast(__cxxabiv1::__class_type_info const*, void const*, __cxxabiv1::__class_type_info::__upcast_result&) const
 .text._ZNSt9type_infoD2Ev
                0x020083d8        0x4 D:/devkitPro/devkitARM/bin/../lib/gcc/arm-none-eabi/14.2.0/../../../../arm-none-eabi/lib/thumb\libstdc++.a(tinfo.o)
                0x020083d8                std::type_info::~type_info()
                0x020083d8                std::type_info::~type_info()
 .text._ZNKSt9type_info14__is_pointer_pEv
                0x020083dc        0x4 D:/devkitPro/devkitARM/bin/../lib/gcc/arm-none-eabi/14.2.0/../../../../arm-none-eabi/lib/thumb\libstdc++.a(tinfo.o)
                0x020083dc                std::type_info::__is_pointer_p() const
                0x020083dc                std::type_info::__is_function_p() const
 .text._ZNKSt9bad_alloc4whatEv
                0x020083e0        0x8 D:/devkitPro/devkitARM/bin/../lib/gcc/arm-none-eabi/14.2.0/../../../../arm-none-eabi/lib/thumb\libstdc++.a(bad_alloc.o)
                0x020083e0                std::bad_alloc::what() const
 .text._ZNSt9bad_allocD2Ev
                0x020083e8       0x18 D:/devkitPro/devkitARM/bin/../lib/gcc/arm-none-eabi/14.2.0/../../../../arm-none-eabi/lib/thumb\libstdc++.a(bad_alloc.o)
                0x020083e8                std::bad_alloc::~bad_alloc()
                0x020083e8                std::bad_alloc::~bad_alloc()
 .text._ZNSt9bad_allocD0Ev
                0x02008400       0x20 D:/devkitPro/devkitARM/bin/../lib/gcc/arm-none-eabi/14.2.0/../../../../arm-none-eabi/lib/thumb\libstdc++.a(bad_alloc.o)
                0x02008400                std::bad_alloc::~bad_alloc()
 .text._ZNK10__cxxabiv117__class_type_info11__do_upcastEPKS0_PPv
                0x02008420       0x3c D:/devkitPro/devkitARM/bin/../lib/gcc/arm-none-eabi/14.2.0/../../../../arm-none-eabi/lib/thumb\libstdc++.a(class_type_info.o)
                0x02008420                __cxxabiv1::__class_type_info::__do_upcast(__cxxabiv1::__class_type_info const*, void**) const
 .text._ZNK10__cxxabiv117__class_type_info20__do_find_public_srcEiPKvPKS0_S2_
                0x0200845c       0x14 D:/devkitPro/devkitARM/bin/../lib/gcc/arm-none-eabi/14.2.0/../../../../arm-none-eabi/lib/thumb\libstdc++.a(class_type_info.o)
                0x0200845c                __cxxabiv1::__class_type_info::__do_find_public_src(int, void const*, __cxxabiv1::__class_type_info const*, void const*) const
 .text._ZN10__cxxabiv117__class_type_infoD2Ev
                0x02008470       0x18 D:/devkitPro/devkitARM/bin/../lib/gcc/arm-none-eabi/14.2.0/../../../../arm-none-eabi/lib/thumb\libstdc++.a(class_type_info.o)
                0x02008470                __cxxabiv1::__class_type_info::~__class_type_info()
                0x02008470                __cxxabiv1::__class_type_info::~__class_type_info()
 .text._ZN10__cxxabiv117__class_type_infoD0Ev
                0x02008488       0x20 D:/devkitPro/devkitARM/bin/../lib/gcc/arm-none-eabi/14.2.0/../../../../arm-none-eabi/lib/thumb\libstdc++.a(class_type_info.o)
                0x02008488                __cxxabiv1::__class_type_info::~__class_type_info()
 .text._ZNK10__cxxabiv117__class_type_info11__do_upcastEPKS0_PKvRNS0_15__upcast_resultE
                0x020084a8       0x3c D:/devkitPro/devkitARM/bin/../lib/gcc/arm-none-eabi/14.2.0/../../../../arm-none-eabi/lib/thumb\libstdc++.a(class_type_info.o)
                0x020084a8                __cxxabiv1::__class_type_info::__do_upcast(__cxxabiv1::__class_type_info const*, void const*, __cxxabiv1::__class_type_info::__upcast_result&) const
 .text._ZNK10__cxxabiv117__class_type_info10__do_catchEPKSt9type_infoPPvj
                0x020084e4       0x54 D:/devkitPro/devkitARM/bin/../lib/gcc/arm-none-eabi/14.2.0/../../../../arm-none-eabi/lib/thumb\libstdc++.a(class_type_info.o)
                0x020084e4                __cxxabiv1::__class_type_info::__do_catch(std::type_info const*, void**, unsigned int) const
 .text._ZNK10__cxxabiv117__class_type_info12__do_dyncastEiNS0_10__sub_kindEPKS0_PKvS3_S5_RNS0_16__dyncast_resultE
                0x02008538       0x80 D:/devkitPro/devkitARM/bin/../lib/gcc/arm-none-eabi/14.2.0/../../../../arm-none-eabi/lib/thumb\libstdc++.a(class_type_info.o)
                0x02008538                __cxxabiv1::__class_type_info::__do_dyncast(int, __cxxabiv1::__class_type_info::__sub_kind, __cxxabiv1::__class_type_info const*, void const*, __cxxabiv1::__class_type_info const*, void const*, __cxxabiv1::__class_type_info::__dyncast_result&) const
 .text._ZdlPv   0x020085b8        0xc D:/devkitPro/devkitARM/bin/../lib/gcc/arm-none-eabi/14.2.0/../../../../arm-none-eabi/lib/thumb\libstdc++.a(del_op.o)
                0x020085b8                operator delete(void*)
 .text._ZN12_GLOBAL__N_14pool4freeEPv.constprop.0
                0x020085c4       0xac D:/devkitPro/devkitARM/bin/../lib/gcc/arm-none-eabi/14.2.0/../../../../arm-none-eabi/lib/thumb\libstdc++.a(eh_alloc.o)
 .text._ZN12_GLOBAL__N_14pool8allocateEj.constprop.0
                0x02008670       0x88 D:/devkitPro/devkitARM/bin/../lib/gcc/arm-none-eabi/14.2.0/../../../../arm-none-eabi/lib/thumb\libstdc++.a(eh_alloc.o)
 .text.__cxa_allocate_exception
                0x020086f8       0x30 D:/devkitPro/devkitARM/bin/../lib/gcc/arm-none-eabi/14.2.0/../../../../arm-none-eabi/lib/thumb\libstdc++.a(eh_alloc.o)
                0x020086f8                __cxa_allocate_exception
 .text.__cxa_free_exception
                0x02008728       0x28 D:/devkitPro/devkitARM/bin/../lib/gcc/arm-none-eabi/14.2.0/../../../../arm-none-eabi/lib/thumb\libstdc++.a(eh_alloc.o)
                0x02008728                __cxa_free_exception
 .text.__cxa_end_cleanup
                0x02008750        0xc D:/devkitPro/devkitARM/bin/../lib/gcc/arm-none-eabi/14.2.0/../../../../arm-none-eabi/lib/thumb\libstdc++.a(eh_arm.o)
                0x02008750                __cxa_end_cleanup
 .text.__cxa_type_match
                0x0200875c       0xcc D:/devkitPro/devkitARM/bin/../lib/gcc/arm-none-eabi/14.2.0/../../../../arm-none-eabi/lib/thumb\libstdc++.a(eh_arm.o)
                0x0200875c                __cxa_type_match
 .text.__cxa_begin_cleanup
                0x02008828       0x64 D:/devkitPro/devkitARM/bin/../lib/gcc/arm-none-eabi/14.2.0/../../../../arm-none-eabi/lib/thumb\libstdc++.a(eh_arm.o)
                0x02008828                __cxa_begin_cleanup
 .text.__gnu_end_cleanup
                0x0200888c       0x74 D:/devkitPro/devkitARM/bin/../lib/gcc/arm-none-eabi/14.2.0/../../../../arm-none-eabi/lib/thumb\libstdc++.a(eh_arm.o)
                0x0200888c                __gnu_end_cleanup
 .text._ZNSt9exceptionD2Ev
                0x02008900        0x4 D:/devkitPro/devkitARM/bin/../lib/gcc/arm-none-eabi/14.2.0/../../../../arm-none-eabi/lib/thumb\libstdc++.a(eh_exception.o)
                0x02008900                std::exception::~exception()
                0x02008900                std::exception::~exception()
 .text._ZNSt13bad_exceptionD2Ev
                0x02008904        0x4 D:/devkitPro/devkitARM/bin/../lib/gcc/arm-none-eabi/14.2.0/../../../../arm-none-eabi/lib/thumb\libstdc++.a(eh_exception.o)
                0x02008904                std::bad_exception::~bad_exception()
                0x02008904                std::bad_exception::~bad_exception()
 .text._ZNKSt9exception4whatEv
                0x02008908        0x8 D:/devkitPro/devkitARM/bin/../lib/gcc/arm-none-eabi/14.2.0/../../../../arm-none-eabi/lib/thumb\libstdc++.a(eh_exception.o)
                0x02008908                std::exception::what() const
                0x02008908                transaction clone for std::exception::what() const
 .text._ZNKSt13bad_exception4whatEv
                0x02008910        0x8 D:/devkitPro/devkitARM/bin/../lib/gcc/arm-none-eabi/14.2.0/../../../../arm-none-eabi/lib/thumb\libstdc++.a(eh_exception.o)
                0x02008910                std::bad_exception::what() const
                0x02008910                transaction clone for std::bad_exception::what() const
 .text._ZNSt13bad_exceptionD0Ev
                0x02008918       0x14 D:/devkitPro/devkitARM/bin/../lib/gcc/arm-none-eabi/14.2.0/../../../../arm-none-eabi/lib/thumb\libstdc++.a(eh_exception.o)
                0x02008918                std::bad_exception::~bad_exception()
 .text._ZL15eh_globals_dtorPv
                0x0200892c       0x28 D:/devkitPro/devkitARM/bin/../lib/gcc/arm-none-eabi/14.2.0/../../../../arm-none-eabi/lib/thumb\libstdc++.a(eh_globals.o)
 .text.__cxa_get_globals_fast
                0x02008954       0x28 D:/devkitPro/devkitARM/bin/../lib/gcc/arm-none-eabi/14.2.0/../../../../arm-none-eabi/lib/thumb\libstdc++.a(eh_globals.o)
                0x02008954                __cxa_get_globals_fast
 .text.__cxa_get_globals
                0x0200897c       0x50 D:/devkitPro/devkitARM/bin/../lib/gcc/arm-none-eabi/14.2.0/../../../../arm-none-eabi/lib/thumb\libstdc++.a(eh_globals.o)
                0x0200897c                __cxa_get_globals
 .text._ZL28read_encoded_value_with_basehjPKhPj
                0x020089cc      0x104 D:/devkitPro/devkitARM/bin/../lib/gcc/arm-none-eabi/14.2.0/../../../../arm-none-eabi/lib/thumb\libstdc++.a(eh_personality.o)
 .text._ZL21base_of_encoded_valuehP15_Unwind_Context
                0x02008ad0       0x44 D:/devkitPro/devkitARM/bin/../lib/gcc/arm-none-eabi/14.2.0/../../../../arm-none-eabi/lib/thumb\libstdc++.a(eh_personality.o)
 .text._ZL17parse_lsda_headerP15_Unwind_ContextPKhP16lsda_header_info
                0x02008b14       0x94 D:/devkitPro/devkitARM/bin/../lib/gcc/arm-none-eabi/14.2.0/../../../../arm-none-eabi/lib/thumb\libstdc++.a(eh_personality.o)
 .text.__gxx_personality_v0
                0x02008ba8      0x4f0 D:/devkitPro/devkitARM/bin/../lib/gcc/arm-none-eabi/14.2.0/../../../../arm-none-eabi/lib/thumb\libstdc++.a(eh_personality.o)
                0x02008ba8                __gxx_personality_v0
 .text._ZN10__cxxabiv111__terminateEPFvvE
                0x02009098       0x14 D:/devkitPro/devkitARM/bin/../lib/gcc/arm-none-eabi/14.2.0/../../../../arm-none-eabi/lib/thumb\libstdc++.a(eh_terminate.o)
                0x02009098                __cxxabiv1::__terminate(void (*)())
 .text._ZSt13get_terminatev
                0x020090ac       0x40 D:/devkitPro/devkitARM/bin/../lib/gcc/arm-none-eabi/14.2.0/../../../../arm-none-eabi/lib/thumb\libstdc++.a(eh_terminate.o)
                0x020090ac                std::get_terminate()
 .text._ZN10__cxxabiv112__unexpectedEPFvvE
                0x020090ec        0xc D:/devkitPro/devkitARM/bin/../lib/gcc/arm-none-eabi/14.2.0/../../../../arm-none-eabi/lib/thumb\libstdc++.a(eh_terminate.o)
                0x020090ec                __cxxabiv1::__unexpected(void (*)())
 .text._ZSt14get_unexpectedv
                0x020090f8       0x40 D:/devkitPro/devkitARM/bin/../lib/gcc/arm-none-eabi/14.2.0/../../../../arm-none-eabi/lib/thumb\libstdc++.a(eh_terminate.o)
                0x020090f8                std::get_unexpected()
 .text._ZL23__gxx_exception_cleanup19_Unwind_Reason_CodeP21_Unwind_Control_Block
                0x02009138       0x58 D:/devkitPro/devkitARM/bin/../lib/gcc/arm-none-eabi/14.2.0/../../../../arm-none-eabi/lib/thumb\libstdc++.a(eh_throw.o)
 .text.__cxa_init_primary_exception
                0x02009190       0x50 D:/devkitPro/devkitARM/bin/../lib/gcc/arm-none-eabi/14.2.0/../../../../arm-none-eabi/lib/thumb\libstdc++.a(eh_throw.o)
                0x02009190                __cxa_init_primary_exception
 .text.__cxa_throw
                0x020091e0       0x34 D:/devkitPro/devkitARM/bin/../lib/gcc/arm-none-eabi/14.2.0/../../../../arm-none-eabi/lib/thumb\libstdc++.a(eh_throw.o)
                0x020091e0                __cxa_throw
 .text.__cxa_rethrow
                0x02009214       0x70 D:/devkitPro/devkitARM/bin/../lib/gcc/arm-none-eabi/14.2.0/../../../../arm-none-eabi/lib/thumb\libstdc++.a(eh_throw.o)
                0x02009214                __cxa_rethrow
 .text._ZSt15get_new_handlerv
                0x02009284       0x40 D:/devkitPro/devkitARM/bin/../lib/gcc/arm-none-eabi/14.2.0/../../../../arm-none-eabi/lib/thumb\libstdc++.a(new_handler.o)
                0x02009284                std::get_new_handler()
 .text._ZNKSt11logic_error4whatEv
                0x020092c4        0x4 D:/devkitPro/devkitARM/bin/../lib/gcc/arm-none-eabi/14.2.0/../../../../arm-none-eabi/lib/thumb\libstdc++.a(stdexcept.o)
                0x020092c4                std::logic_error::what() const
                0x020092c4                std::runtime_error::what() const
 .text._ZNSt11logic_errorD2Ev
                0x020092c8       0x5c D:/devkitPro/devkitARM/bin/../lib/gcc/arm-none-eabi/14.2.0/../../../../arm-none-eabi/lib/thumb\libstdc++.a(stdexcept.o)
                0x020092c8                std::logic_error::~logic_error()
                0x020092c8                std::logic_error::~logic_error()
 .text._ZNSt12length_errorD2Ev
                0x02009324       0x5c D:/devkitPro/devkitARM/bin/../lib/gcc/arm-none-eabi/14.2.0/../../../../arm-none-eabi/lib/thumb\libstdc++.a(stdexcept.o)
                0x02009324                std::length_error::~length_error()
                0x02009324                std::length_error::~length_error()
 .text._ZNSt11logic_errorD0Ev
                0x02009380       0x60 D:/devkitPro/devkitARM/bin/../lib/gcc/arm-none-eabi/14.2.0/../../../../arm-none-eabi/lib/thumb\libstdc++.a(stdexcept.o)
                0x02009380                std::logic_error::~logic_error()
 .text._ZNSt12length_errorD0Ev
                0x020093e0       0x60 D:/devkitPro/devkitARM/bin/../lib/gcc/arm-none-eabi/14.2.0/../../../../arm-none-eabi/lib/thumb\libstdc++.a(stdexcept.o)
                0x020093e0                std::length_error::~length_error()
 .text._ZNSt11logic_errorC2EPKc
                0x02009440       0x8c D:/devkitPro/devkitARM/bin/../lib/gcc/arm-none-eabi/14.2.0/../../../../arm-none-eabi/lib/thumb\libstdc++.a(cow-stdexcept.o)
                0x02009440                std::logic_error::logic_error(char const*)
                0x02009440                std::logic_error::logic_error(char const*)
 .text._ZNSt12length_errorC2EPKc
                0x020094cc       0x18 D:/devkitPro/devkitARM/bin/../lib/gcc/arm-none-eabi/14.2.0/../../../../arm-none-eabi/lib/thumb\libstdc++.a(cow-stdexcept.o)
                0x020094cc                std::length_error::length_error(char const*)
                0x020094cc                std::length_error::length_error(char const*)
 .text._ZNSs4_Rep9_S_createEjjRKSaIcE
                0x020094e4       0x64 D:/devkitPro/devkitARM/bin/../lib/gcc/arm-none-eabi/14.2.0/../../../../arm-none-eabi/lib/thumb\libstdc++.a(cow-string-inst.o)
                0x020094e4                std::string::_Rep::_S_create(unsigned int, unsigned int, std::allocator<char> const&)
 .text._ZNSs4_Rep10_M_destroyERKSaIcE
                0x02009548        0xc D:/devkitPro/devkitARM/bin/../lib/gcc/arm-none-eabi/14.2.0/../../../../arm-none-eabi/lib/thumb\libstdc++.a(cow-string-inst.o)
                0x02009548                std::string::_Rep::_M_destroy(std::allocator<char> const&)
 .text._ZN9__gnu_cxx18__exchange_and_addEPVii
                0x02009554       0x9c D:/devkitPro/devkitARM/bin/../lib/gcc/arm-none-eabi/14.2.0/../../../../arm-none-eabi/lib/thumb\libstdc++.a(atomicity.o)
                0x02009554                __gnu_cxx::__exchange_and_add(int volatile*, int)
 .text.__cxa_begin_catch
                0x020095f0       0x78 D:/devkitPro/devkitARM/bin/../lib/gcc/arm-none-eabi/14.2.0/../../../../arm-none-eabi/lib/thumb\libstdc++.a(eh_catch.o)
                0x020095f0                __cxa_begin_catch
 .text.__cxa_end_catch
                0x02009668       0x94 D:/devkitPro/devkitARM/bin/../lib/gcc/arm-none-eabi/14.2.0/../../../../arm-none-eabi/lib/thumb\libstdc++.a(eh_catch.o)
                0x02009668                __cxa_end_catch
 .text          0x020096fc      0x150 D:/devkitPro/devkitARM/bin/../lib/gcc/arm-none-eabi/14.2.0/thumb\libgcc.a(_divsi3.o)
                0x020096fc                __divsi3
                0x020096fc                __aeabi_idiv
                0x0200982c                __aeabi_idivmod
 .text          0x0200984c        0x4 D:/devkitPro/devkitARM/bin/../lib/gcc/arm-none-eabi/14.2.0/thumb\libgcc.a(_dvmd_tls.o)
                0x0200984c                __aeabi_idiv0
                0x0200984c                __aeabi_ldiv0
 .text          0x02009850       0x48 D:/devkitPro/devkitARM/bin/../lib/gcc/arm-none-eabi/14.2.0/thumb\libgcc.a(_clzsi2.o)
                0x02009850                __clzsi2
 .text          0x02009898       0x3c D:/devkitPro/devkitARM/bin/../lib/gcc/arm-none-eabi/14.2.0/thumb\libgcc.a(_aeabi_uldivmod.o)
                0x02009898                __aeabi_uldivmod
 .text          0x020098d4        0x4 D:/devkitPro/devkitARM/bin/../lib/gcc/arm-none-eabi/14.2.0/thumb\libgcc.a(_sync_none.o)
                0x020098d4                __sync_synchronize_none
 .text.__muldi3
                0x020098d8       0x64 D:/devkitPro/devkitARM/bin/../lib/gcc/arm-none-eabi/14.2.0/thumb\libgcc.a(_muldi3.o)
                0x020098d8                __muldi3
                0x020098d8                __aeabi_lmul
 .text.__udivmoddi4
                0x0200993c      0x19c D:/devkitPro/devkitARM/bin/../lib/gcc/arm-none-eabi/14.2.0/thumb\libgcc.a(_udivmoddi4.o)
                0x0200993c                __udivmoddi4
 .text.selfrel_offset31
                0x02009ad8       0x18 D:/devkitPro/devkitARM/bin/../lib/gcc/arm-none-eabi/14.2.0/thumb\libgcc.a(unwind-arm.o)
 .text.search_EIT_table
                0x02009af0       0x74 D:/devkitPro/devkitARM/bin/../lib/gcc/arm-none-eabi/14.2.0/thumb\libgcc.a(unwind-arm.o)
 .text.__gnu_unwind_get_pr_addr
                0x02009b64       0x28 D:/devkitPro/devkitARM/bin/../lib/gcc/arm-none-eabi/14.2.0/thumb\libgcc.a(unwind-arm.o)
 .text.get_eit_entry
                0x02009b8c       0x98 D:/devkitPro/devkitARM/bin/../lib/gcc/arm-none-eabi/14.2.0/thumb\libgcc.a(unwind-arm.o)
 .text.restore_non_core_regs
                0x02009c24       0x60 D:/devkitPro/devkitARM/bin/../lib/gcc/arm-none-eabi/14.2.0/thumb\libgcc.a(unwind-arm.o)
 .text._Unwind_decode_typeinfo_ptr.constprop.0
                0x02009c84        0xc D:/devkitPro/devkitARM/bin/../lib/gcc/arm-none-eabi/14.2.0/thumb\libgcc.a(unwind-arm.o)
 .text._Unwind_DebugHook
                0x02009c90        0x4 D:/devkitPro/devkitARM/bin/../lib/gcc/arm-none-eabi/14.2.0/thumb\libgcc.a(unwind-arm.o)
 .text.unwind_phase2
                0x02009c94       0x40 D:/devkitPro/devkitARM/bin/../lib/gcc/arm-none-eabi/14.2.0/thumb\libgcc.a(unwind-arm.o)
 .text.unwind_phase2_forced
                0x02009cd4       0xe8 D:/devkitPro/devkitARM/bin/../lib/gcc/arm-none-eabi/14.2.0/thumb\libgcc.a(unwind-arm.o)
 .text.__gnu_Unwind_RaiseException
                0x02009dbc       0x5c D:/devkitPro/devkitARM/bin/../lib/gcc/arm-none-eabi/14.2.0/thumb\libgcc.a(unwind-arm.o)
                0x02009dbc                __gnu_Unwind_RaiseException
 .text.__gnu_Unwind_ForcedUnwind
                0x02009e18       0x18 D:/devkitPro/devkitARM/bin/../lib/gcc/arm-none-eabi/14.2.0/thumb\libgcc.a(unwind-arm.o)
                0x02009e18                __gnu_Unwind_ForcedUnwind
 .text.__gnu_Unwind_Resume
                0x02009e30       0x4c D:/devkitPro/devkitARM/bin/../lib/gcc/arm-none-eabi/14.2.0/thumb\libgcc.a(unwind-arm.o)
                0x02009e30                __gnu_Unwind_Resume
 .text.__gnu_Unwind_Resume_or_Rethrow
                0x02009e7c       0x20 D:/devkitPro/devkitARM/bin/../lib/gcc/arm-none-eabi/14.2.0/thumb\libgcc.a(unwind-arm.o)
                0x02009e7c                __gnu_Unwind_Resume_or_Rethrow
 .text._Unwind_Complete
                0x02009e9c        0x4 D:/devkitPro/devkitARM/bin/../lib/gcc/arm-none-eabi/14.2.0/thumb\libgcc.a(unwind-arm.o)
                0x02009e9c                _Unwind_Complete
 .text._Unwind_DeleteException
                0x02009ea0       0x18 D:/devkitPro/devkitARM/bin/../lib/gcc/arm-none-eabi/14.2.0/thumb\libgcc.a(unwind-arm.o)
                0x02009ea0                _Unwind_DeleteException
 .text._Unwind_VRS_Get
                0x02009eb8       0x44 D:/devkitPro/devkitARM/bin/../lib/gcc/arm-none-eabi/14.2.0/thumb\libgcc.a(unwind-arm.o)
                0x02009eb8                _Unwind_VRS_Get
 .text._Unwind_GetGR
                0x02009efc       0x1c D:/devkitPro/devkitARM/bin/../lib/gcc/arm-none-eabi/14.2.0/thumb\libgcc.a(unwind-arm.o)
 .text._Unwind_VRS_Set
                0x02009f18       0x44 D:/devkitPro/devkitARM/bin/../lib/gcc/arm-none-eabi/14.2.0/thumb\libgcc.a(unwind-arm.o)
                0x02009f18                _Unwind_VRS_Set
 .text._Unwind_SetGR
                0x02009f5c       0x1c D:/devkitPro/devkitARM/bin/../lib/gcc/arm-none-eabi/14.2.0/thumb\libgcc.a(unwind-arm.o)
 .text.__gnu_Unwind_Backtrace
                0x02009f78       0x8c D:/devkitPro/devkitARM/bin/../lib/gcc/arm-none-eabi/14.2.0/thumb\libgcc.a(unwind-arm.o)
                0x02009f78                __gnu_Unwind_Backtrace
 .text.__gnu_unwind_pr_common
                0x0200a004      0x2cc D:/devkitPro/devkitARM/bin/../lib/gcc/arm-none-eabi/14.2.0/thumb\libgcc.a(unwind-arm.o)
 .text.__aeabi_unwind_cpp_pr0
                0x0200a2d0       0x10 D:/devkitPro/devkitARM/bin/../lib/gcc/arm-none-eabi/14.2.0/thumb\libgcc.a(unwind-arm.o)
                0x0200a2d0                __aeabi_unwind_cpp_pr0
 .text.__aeabi_unwind_cpp_pr1
                0x0200a2e0       0x10 D:/devkitPro/devkitARM/bin/../lib/gcc/arm-none-eabi/14.2.0/thumb\libgcc.a(unwind-arm.o)
                0x0200a2e0                __aeabi_unwind_cpp_pr1
 .text.__aeabi_unwind_cpp_pr2
                0x0200a2f0       0x10 D:/devkitPro/devkitARM/bin/../lib/gcc/arm-none-eabi/14.2.0/thumb\libgcc.a(unwind-arm.o)
                0x0200a2f0                __aeabi_unwind_cpp_pr2
 .text._Unwind_VRS_Pop
                0x0200a300      0x2e4 D:/devkitPro/devkitARM/bin/../lib/gcc/arm-none-eabi/14.2.0/thumb\libgcc.a(unwind-arm.o)
                0x0200a300                _Unwind_VRS_Pop
 .text          0x0200a5e4      0x1d8 D:/devkitPro/devkitARM/bin/../lib/gcc/arm-none-eabi/14.2.0/thumb\libgcc.a(libunwind.o)
                0x0200a5e4                __restore_core_regs
                0x0200a5e4                restore_core_regs
                0x0200a600                __gnu_Unwind_Restore_VFP
                0x0200a608                __gnu_Unwind_Save_VFP
                0x0200a610                __gnu_Unwind_Restore_VFP_D
                0x0200a618                __gnu_Unwind_Save_VFP_D
                0x0200a620                __gnu_Unwind_Restore_VFP_D_16_to_31
                0x0200a628                __gnu_Unwind_Save_VFP_D_16_to_31
                0x0200a630                __gnu_Unwind_Restore_WMMXD
                0x0200a674                __gnu_Unwind_Save_WMMXD
                0x0200a6b8                __gnu_Unwind_Restore_WMMXC
                0x0200a6cc                __gnu_Unwind_Save_WMMXC
                0x0200a6e0                ___Unwind_RaiseException
                0x0200a6e0                _Unwind_RaiseException
                0x0200a70c                _Unwind_Resume
                0x0200a70c                ___Unwind_Resume
                0x0200a738                _Unwind_Resume_or_Rethrow
                0x0200a738                ___Unwind_Resume_or_Rethrow
                0x0200a764                _Unwind_ForcedUnwind
                0x0200a764                ___Unwind_ForcedUnwind
                0x0200a790                ___Unwind_Backtrace
                0x0200a790                _Unwind_Backtrace
 .text.next_unwind_byte
                0x0200a7bc       0x34 D:/devkitPro/devkitARM/bin/../lib/gcc/arm-none-eabi/14.2.0/thumb\libgcc.a(pr-support.o)
 .text._Unwind_GetGR.constprop.0
                0x0200a7f0       0x1c D:/devkitPro/devkitARM/bin/../lib/gcc/arm-none-eabi/14.2.0/thumb\libgcc.a(pr-support.o)
 .text.unwind_UCB_from_context
                0x0200a80c        0xc D:/devkitPro/devkitARM/bin/../lib/gcc/arm-none-eabi/14.2.0/thumb\libgcc.a(pr-support.o)
 .text.__gnu_unwind_execute
                0x0200a818      0x30c D:/devkitPro/devkitARM/bin/../lib/gcc/arm-none-eabi/14.2.0/thumb\libgcc.a(pr-support.o)
                0x0200a818                __gnu_unwind_execute
 .text.__gnu_unwind_frame
                0x0200ab24       0x2c D:/devkitPro/devkitARM/bin/../lib/gcc/arm-none-eabi/14.2.0/thumb\libgcc.a(pr-support.o)
                0x0200ab24                __gnu_unwind_frame
 .text._Unwind_GetRegionStart
                0x0200ab50       0x10 D:/devkitPro/devkitARM/bin/../lib/gcc/arm-none-eabi/14.2.0/thumb\libgcc.a(pr-support.o)
                0x0200ab50                _Unwind_GetRegionStart
 .text._Unwind_GetLanguageSpecificData
                0x0200ab60       0x18 D:/devkitPro/devkitARM/bin/../lib/gcc/arm-none-eabi/14.2.0/thumb\libgcc.a(pr-support.o)
                0x0200ab60                _Unwind_GetLanguageSpecificData
 .text          0x0200ab78       0x28 D:/devkitPro/devkitARM/bin/../lib/gcc/arm-none-eabi/14.2.0/thumb\libgcc.a(_clzdi2.o)
                0x0200ab78                __clzdi2
 .text.strchr   0x0200aba0       0xc8 D:/devkitPro/devkitARM/bin/../lib/gcc/arm-none-eabi/14.2.0/../../../../arm-none-eabi/lib/thumb\libg.a(libc_a-strchr.o)
                0x0200aba0                strchr
 .text.srand    0x0200ac68       0x18 D:/devkitPro/devkitARM/bin/../lib/gcc/arm-none-eabi/14.2.0/../../../../arm-none-eabi/lib/thumb\libg.a(libc_a-rand.o)
                0x0200ac68                srand
 .text.rand     0x0200ac80       0x34 D:/devkitPro/devkitARM/bin/../lib/gcc/arm-none-eabi/14.2.0/../../../../arm-none-eabi/lib/thumb\libg.a(libc_a-rand.o)
                0x0200ac80                rand
 .text.getenv   0x0200acb4       0x1c D:/devkitPro/devkitARM/bin/../lib/gcc/arm-none-eabi/14.2.0/../../../../arm-none-eabi/lib/thumb\libg.a(libc_a-getenv.o)
                0x0200acb4                getenv
 .text.strlen   0x0200acd0       0x60 D:/devkitPro/devkitARM/bin/../lib/gcc/arm-none-eabi/14.2.0/../../../../arm-none-eabi/lib/thumb\libg.a(libc_a-strlen-stub.o)
                0x0200acd0                strlen
 .text.memmove  0x0200ad30       0xcc D:/devkitPro/devkitARM/bin/../lib/gcc/arm-none-eabi/14.2.0/../../../../arm-none-eabi/lib/thumb\libg.a(libc_a-memmove.o)
                0x0200ad30                memmove
 .text.sprintf  0x0200adfc       0x44 D:/devkitPro/devkitARM/bin/../lib/gcc/arm-none-eabi/14.2.0/../../../../arm-none-eabi/lib/thumb\libg.a(libc_a-sprintf.o)
                0x0200adfc                sprintf
 .text.memchr   0x0200ae40       0x80 D:/devkitPro/devkitARM/bin/../lib/gcc/arm-none-eabi/14.2.0/../../../../arm-none-eabi/lib/thumb\libg.a(libc_a-memchr-stub.o)
                0x0200ae40                memchr
 .text.memcmp   0x0200aec0       0x4c D:/devkitPro/devkitARM/bin/../lib/gcc/arm-none-eabi/14.2.0/../../../../arm-none-eabi/lib/thumb\libg.a(libc_a-memcmp.o)
                0x0200aec0                memcmp
 .text._strtoul_l.isra.0
                0x0200af0c      0x154 D:/devkitPro/devkitARM/bin/../lib/gcc/arm-none-eabi/14.2.0/../../../../arm-none-eabi/lib/thumb\libg.a(libc_a-strtoul.o)
 .text.strtoul  0x0200b060       0x24 D:/devkitPro/devkitARM/bin/../lib/gcc/arm-none-eabi/14.2.0/../../../../arm-none-eabi/lib/thumb\libg.a(libc_a-strtoul.o)
                0x0200b060                strtoul
 .text.calloc   0x0200b084       0x18 D:/devkitPro/devkitARM/bin/../lib/gcc/arm-none-eabi/14.2.0/../../../../arm-none-eabi/lib/thumb\libg.a(libc_a-calloc.o)
                0x0200b084                calloc
 .text.abort    0x0200b09c       0x10 D:/devkitPro/devkitARM/bin/../lib/gcc/arm-none-eabi/14.2.0/../../../../arm-none-eabi/lib/thumb\libg.a(libc_a-abort.o)
                0x0200b09c                abort
 .text._calloc_r
                0x0200b0ac       0xb8 D:/devkitPro/devkitARM/bin/../lib/gcc/arm-none-eabi/14.2.0/../../../../arm-none-eabi/lib/thumb\libg.a(libc_a-callocr.o)
                0x0200b0ac                _calloc_r
 .text.realloc  0x0200b164       0x18 D:/devkitPro/devkitARM/bin/../lib/gcc/arm-none-eabi/14.2.0/../../../../arm-none-eabi/lib/thumb\libg.a(libc_a-realloc.o)
                0x0200b164                realloc
 .text._malloc_r
                0x0200b17c      0x588 D:/devkitPro/devkitARM/bin/../lib/gcc/arm-none-eabi/14.2.0/../../../../arm-none-eabi/lib/thumb\libg.a(libc_a-mallocr.o)
                0x0200b17c                _malloc_r
 .text._malloc_trim_r
                0x0200b704       0xac D:/devkitPro/devkitARM/bin/../lib/gcc/arm-none-eabi/14.2.0/../../../../arm-none-eabi/lib/thumb\libg.a(libc_a-freer.o)
                0x0200b704                _malloc_trim_r
 .text._free_r  0x0200b7b0      0x1f4 D:/devkitPro/devkitARM/bin/../lib/gcc/arm-none-eabi/14.2.0/../../../../arm-none-eabi/lib/thumb\libg.a(libc_a-freer.o)
                0x0200b7b0                _free_r
 .text.get_arg  0x0200b9a4      0x428 D:/devkitPro/devkitARM/bin/../lib/gcc/arm-none-eabi/14.2.0/../../../../arm-none-eabi/lib/thumb\libg.a(libc_a-svfprintf.o)
 .text._svfprintf_r
                0x0200bdcc     0x23dc D:/devkitPro/devkitARM/bin/../lib/gcc/arm-none-eabi/14.2.0/../../../../arm-none-eabi/lib/thumb\libg.a(libc_a-svfprintf.o)
                0x0200bdcc                _svfprintf_r
 .text.malloc   0x0200e1a8       0x28 D:/devkitPro/devkitARM/bin/../lib/gcc/arm-none-eabi/14.2.0/../../../../arm-none-eabi/lib/thumb\libg.a(libc_a-malloc.o)
                0x0200e1a8                malloc
 .text.free     0x0200e1d0       0x14 D:/devkitPro/devkitARM/bin/../lib/gcc/arm-none-eabi/14.2.0/../../../../arm-none-eabi/lib/thumb\libg.a(libc_a-malloc.o)
                0x0200e1d0                free
 .text.memcpy   0x0200e1e4       0xb0 D:/devkitPro/devkitARM/bin/../lib/gcc/arm-none-eabi/14.2.0/../../../../arm-none-eabi/lib/thumb\libg.a(libc_a-memcpy-stub.o)
                0x0200e1e4                memcpy
 .text.time     0x0200e294       0x38 D:/devkitPro/devkitARM/bin/../lib/gcc/arm-none-eabi/14.2.0/../../../../arm-none-eabi/lib/thumb\libg.a(libc_a-time.o)
                0x0200e294                time
 .text._puts_r  0x0200e2cc       0x88 D:/devkitPro/devkitARM/bin/../lib/gcc/arm-none-eabi/14.2.0/../../../../arm-none-eabi/lib/thumb\libg.a(libc_a-puts.o)
                0x0200e2cc                _puts_r
 .text.puts     0x0200e354       0x14 D:/devkitPro/devkitARM/bin/../lib/gcc/arm-none-eabi/14.2.0/../../../../arm-none-eabi/lib/thumb\libg.a(libc_a-puts.o)
                0x0200e354                puts
 .text._findenv_r
                0x0200e368       0x94 D:/devkitPro/devkitARM/bin/../lib/gcc/arm-none-eabi/14.2.0/../../../../arm-none-eabi/lib/thumb\libg.a(libc_a-getenv_r.o)
                0x0200e368                _findenv_r
 .text.memset   0x0200e3fc       0x98 D:/devkitPro/devkitARM/bin/../lib/gcc/arm-none-eabi/14.2.0/../../../../arm-none-eabi/lib/thumb\libg.a(libc_a-memset.o)
                0x0200e3fc                memset
 .text._realloc_r
                0x0200e494      0x384 D:/devkitPro/devkitARM/bin/../lib/gcc/arm-none-eabi/14.2.0/../../../../arm-none-eabi/lib/thumb\libg.a(libc_a-reallocr.o)
                0x0200e494                _realloc_r
 .text.__malloc_lock
                0x0200e818       0x14 D:/devkitPro/devkitARM/bin/../lib/gcc/arm-none-eabi/14.2.0/../../../../arm-none-eabi/lib/thumb\libg.a(libc_a-mlock.o)
                0x0200e818                __malloc_lock
 .text.__malloc_unlock
                0x0200e82c       0x14 D:/devkitPro/devkitARM/bin/../lib/gcc/arm-none-eabi/14.2.0/../../../../arm-none-eabi/lib/thumb\libg.a(libc_a-mlock.o)
                0x0200e82c                __malloc_unlock
 .text.atexit   0x0200e840       0x14 D:/devkitPro/devkitARM/bin/../lib/gcc/arm-none-eabi/14.2.0/../../../../arm-none-eabi/lib/thumb\libg.a(libc_a-atexit.o)
                0x0200e840                atexit
 .text.strncpy  0x0200e854       0x68 D:/devkitPro/devkitARM/bin/../lib/gcc/arm-none-eabi/14.2.0/../../../../arm-none-eabi/lib/thumb\libg.a(libc_a-strncpy.o)
                0x0200e854                strncpy
 .text._wcsrtombs_r
                0x0200e8bc       0x1c D:/devkitPro/devkitARM/bin/../lib/gcc/arm-none-eabi/14.2.0/../../../../arm-none-eabi/lib/thumb\libg.a(libc_a-wcsrtombs.o)
                0x0200e8bc                _wcsrtombs_r
 .text          0x0200e8d8      0x224 D:/devkitPro/devkitARM/bin/../lib/gcc/arm-none-eabi/14.2.0/../../../../arm-none-eabi/lib/thumb\libg.a(libc_a-strcmp.o)
                0x0200e8d8                strcmp
 .text.__libc_init_array
                0x0200eafc       0x54 D:/devkitPro/devkitARM/bin/../lib/gcc/arm-none-eabi/14.2.0/../../../../arm-none-eabi/lib/thumb\libg.a(libc_a-init.o)
                0x0200eafc                __libc_init_array
 .text.frexp    0x0200eb50       0x6c D:/devkitPro/devkitARM/bin/../lib/gcc/arm-none-eabi/14.2.0/../../../../arm-none-eabi/lib/thumb\libg.a(libm_a-s_frexp.o)
                0x0200eb50                frexp
 .text.strncmp  0x0200ebbc       0x6c D:/devkitPro/devkitARM/bin/../lib/gcc/arm-none-eabi/14.2.0/../../../../arm-none-eabi/lib/thumb\libg.a(libc_a-strncmp.o)
                0x0200ebbc                strncmp
 .text._raise_r
                0x0200ec28       0x60 D:/devkitPro/devkitARM/bin/../lib/gcc/arm-none-eabi/14.2.0/../../../../arm-none-eabi/lib/thumb\libg.a(libc_a-signal.o)
                0x0200ec28                _raise_r
 .text.raise    0x0200ec88       0x14 D:/devkitPro/devkitARM/bin/../lib/gcc/arm-none-eabi/14.2.0/../../../../arm-none-eabi/lib/thumb\libg.a(libc_a-signal.o)
                0x0200ec88                raise
 .text.__env_lock
                0x0200ec9c       0x14 D:/devkitPro/devkitARM/bin/../lib/gcc/arm-none-eabi/14.2.0/../../../../arm-none-eabi/lib/thumb\libg.a(libc_a-envlock.o)
                0x0200ec9c                __env_lock
 .text.__env_unlock
                0x0200ecb0       0x14 D:/devkitPro/devkitARM/bin/../lib/gcc/arm-none-eabi/14.2.0/../../../../arm-none-eabi/lib/thumb\libg.a(libc_a-envlock.o)
                0x0200ecb0                __env_unlock
 .text.__sfvwrite_r
                0x0200ecc4      0x304 D:/devkitPro/devkitARM/bin/../lib/gcc/arm-none-eabi/14.2.0/../../../../arm-none-eabi/lib/thumb\libg.a(libc_a-fvwrite.o)
                0x0200ecc4                __sfvwrite_r
 .text.__locale_mb_cur_max
                0x0200efc8       0x20 D:/devkitPro/devkitARM/bin/../lib/gcc/arm-none-eabi/14.2.0/../../../../arm-none-eabi/lib/thumb\libg.a(libc_a-locale.o)
                0x0200efc8                __locale_mb_cur_max
 .text.__ssprint_r
                0x0200efe8       0x60 D:/devkitPro/devkitARM/bin/../lib/gcc/arm-none-eabi/14.2.0/../../../../arm-none-eabi/lib/thumb\libg.a(libc_a-ssprint_r.o)
                0x0200efe8                __ssprint_r
 .text._memalign_r
                0x0200f048      0x128 D:/devkitPro/devkitARM/bin/../lib/gcc/arm-none-eabi/14.2.0/../../../../arm-none-eabi/lib/thumb\libg.a(libc_a-malignr.o)
                0x0200f048                _memalign_r
 .text._wcsnrtombs_l
                0x0200f170      0x10c D:/devkitPro/devkitARM/bin/../lib/gcc/arm-none-eabi/14.2.0/../../../../arm-none-eabi/lib/thumb\libg.a(libc_a-wcsnrtombs.o)
                0x0200f170                _wcsnrtombs_l
 .text._wcsnrtombs_r
                0x0200f27c       0x40 D:/devkitPro/devkitARM/bin/../lib/gcc/arm-none-eabi/14.2.0/../../../../arm-none-eabi/lib/thumb\libg.a(libc_a-wcsnrtombs.o)
                0x0200f27c                _wcsnrtombs_r
 .text.__utf8_mbtowc
                0x0200f2bc      0x234 D:/devkitPro/devkitARM/bin/../lib/gcc/arm-none-eabi/14.2.0/../../../../arm-none-eabi/lib/thumb\libg.a(libc_a-mbtowc_r.o)
                0x0200f2bc                __utf8_mbtowc
 .text._localeconv_r
                0x0200f4f0       0x1c D:/devkitPro/devkitARM/bin/../lib/gcc/arm-none-eabi/14.2.0/../../../../arm-none-eabi/lib/thumb\libg.a(libc_a-localeconv.o)
                0x0200f4f0                _localeconv_r
 .text.stdio_exit_handler
                0x0200f50c       0x20 D:/devkitPro/devkitARM/bin/../lib/gcc/arm-none-eabi/14.2.0/../../../../arm-none-eabi/lib/thumb\libg.a(libc_a-findfp.o)
 .text.cleanup_stdio
                0x0200f52c       0x40 D:/devkitPro/devkitARM/bin/../lib/gcc/arm-none-eabi/14.2.0/../../../../arm-none-eabi/lib/thumb\libg.a(libc_a-findfp.o)
 .text.global_stdio_init.part.0
                0x0200f56c      0x128 D:/devkitPro/devkitARM/bin/../lib/gcc/arm-none-eabi/14.2.0/../../../../arm-none-eabi/lib/thumb\libg.a(libc_a-findfp.o)
 .text.__sinit  0x0200f694       0x3c D:/devkitPro/devkitARM/bin/../lib/gcc/arm-none-eabi/14.2.0/../../../../arm-none-eabi/lib/thumb\libg.a(libc_a-findfp.o)
                0x0200f694                __sinit
 .text.__sfp_lock_acquire
                0x0200f6d0       0x14 D:/devkitPro/devkitARM/bin/../lib/gcc/arm-none-eabi/14.2.0/../../../../arm-none-eabi/lib/thumb\libg.a(libc_a-findfp.o)
                0x0200f6d0                __sfp_lock_acquire
 .text.__sfp_lock_release
                0x0200f6e4       0x14 D:/devkitPro/devkitARM/bin/../lib/gcc/arm-none-eabi/14.2.0/../../../../arm-none-eabi/lib/thumb\libg.a(libc_a-findfp.o)
                0x0200f6e4                __sfp_lock_release
 .text.quorem   0x0200f6f8      0x154 D:/devkitPro/devkitARM/bin/../lib/gcc/arm-none-eabi/14.2.0/../../../../arm-none-eabi/lib/thumb\libg.a(libc_a-dtoa.o)
 .text._dtoa_r  0x0200f84c     0x1140 D:/devkitPro/devkitARM/bin/../lib/gcc/arm-none-eabi/14.2.0/../../../../arm-none-eabi/lib/thumb\libg.a(libc_a-dtoa.o)
                0x0200f84c                _dtoa_r
 .text._wcrtomb_r
                0x0201098c       0x84 D:/devkitPro/devkitARM/bin/../lib/gcc/arm-none-eabi/14.2.0/../../../../arm-none-eabi/lib/thumb\libg.a(libc_a-wcrtomb.o)
                0x0201098c                _wcrtomb_r
 .text.__register_exitproc
                0x02010a10       0xa0 D:/devkitPro/devkitARM/bin/../lib/gcc/arm-none-eabi/14.2.0/../../../../arm-none-eabi/lib/thumb\libg.a(libc_a-__atexit.o)
                0x02010a10                __register_exitproc
 .text.__ssputs_r
                0x02010ab0       0xd4 D:/devkitPro/devkitARM/bin/../lib/gcc/arm-none-eabi/14.2.0/../../../../arm-none-eabi/lib/thumb\libg.a(libc_a-ssputs_r.o)
                0x02010ab0                __ssputs_r
 .text._fwalk_sglue
                0x02010b84       0x4c D:/devkitPro/devkitARM/bin/../lib/gcc/arm-none-eabi/14.2.0/../../../../arm-none-eabi/lib/thumb\libg.a(libc_a-fwalk.o)
                0x02010b84                _fwalk_sglue
 .text.__utf8_wctomb
                0x02010bd0       0xb4 D:/devkitPro/devkitARM/bin/../lib/gcc/arm-none-eabi/14.2.0/../../../../arm-none-eabi/lib/thumb\libg.a(libc_a-wctomb_r.o)
                0x02010bd0                __utf8_wctomb
 .text.__swsetup_r
                0x02010c84      0x100 D:/devkitPro/devkitARM/bin/../lib/gcc/arm-none-eabi/14.2.0/../../../../arm-none-eabi/lib/thumb\libg.a(libc_a-wsetup.o)
                0x02010c84                __swsetup_r
 .text.__sflush_r
                0x02010d84      0x194 D:/devkitPro/devkitARM/bin/../lib/gcc/arm-none-eabi/14.2.0/../../../../arm-none-eabi/lib/thumb\libg.a(libc_a-fflush.o)
                0x02010d84                __sflush_r
 .text._fflush_r
                0x02010f18       0x70 D:/devkitPro/devkitARM/bin/../lib/gcc/arm-none-eabi/14.2.0/../../../../arm-none-eabi/lib/thumb\libg.a(libc_a-fflush.o)
                0x02010f18                _fflush_r
 .text.__assert_func
                0x02010f88       0x40 D:/devkitPro/devkitARM/bin/../lib/gcc/arm-none-eabi/14.2.0/../../../../arm-none-eabi/lib/thumb\libg.a(libc_a-assert.o)
                0x02010f88                __assert_func
 .text._Balloc  0x02010fc8       0x54 D:/devkitPro/devkitARM/bin/../lib/gcc/arm-none-eabi/14.2.0/../../../../arm-none-eabi/lib/thumb\libg.a(libc_a-mprec.o)
                0x02010fc8                _Balloc
 .text._Bfree   0x0201101c       0x14 D:/devkitPro/devkitARM/bin/../lib/gcc/arm-none-eabi/14.2.0/../../../../arm-none-eabi/lib/thumb\libg.a(libc_a-mprec.o)
                0x0201101c                _Bfree
 .text.__multadd
                0x02011030       0xa8 D:/devkitPro/devkitARM/bin/../lib/gcc/arm-none-eabi/14.2.0/../../../../arm-none-eabi/lib/thumb\libg.a(libc_a-mprec.o)
                0x02011030                __multadd
 .text.__hi0bits
                0x020110d8       0x60 D:/devkitPro/devkitARM/bin/../lib/gcc/arm-none-eabi/14.2.0/../../../../arm-none-eabi/lib/thumb\libg.a(libc_a-mprec.o)
                0x020110d8                __hi0bits
 .text.__lo0bits
                0x02011138       0x94 D:/devkitPro/devkitARM/bin/../lib/gcc/arm-none-eabi/14.2.0/../../../../arm-none-eabi/lib/thumb\libg.a(libc_a-mprec.o)
                0x02011138                __lo0bits
 .text.__i2b    0x020111cc       0x64 D:/devkitPro/devkitARM/bin/../lib/gcc/arm-none-eabi/14.2.0/../../../../arm-none-eabi/lib/thumb\libg.a(libc_a-mprec.o)
                0x020111cc                __i2b
 .text.__multiply
                0x02011230      0x1b4 D:/devkitPro/devkitARM/bin/../lib/gcc/arm-none-eabi/14.2.0/../../../../arm-none-eabi/lib/thumb\libg.a(libc_a-mprec.o)
                0x02011230                __multiply
 .text.__pow5mult
                0x020113e4       0xdc D:/devkitPro/devkitARM/bin/../lib/gcc/arm-none-eabi/14.2.0/../../../../arm-none-eabi/lib/thumb\libg.a(libc_a-mprec.o)
                0x020113e4                __pow5mult
 .text.__lshift
                0x020114c0      0x100 D:/devkitPro/devkitARM/bin/../lib/gcc/arm-none-eabi/14.2.0/../../../../arm-none-eabi/lib/thumb\libg.a(libc_a-mprec.o)
                0x020114c0                __lshift
 .text.__mcmp   0x020115c0       0x40 D:/devkitPro/devkitARM/bin/../lib/gcc/arm-none-eabi/14.2.0/../../../../arm-none-eabi/lib/thumb\libg.a(libc_a-mprec.o)
                0x020115c0                __mcmp
 .text.__mdiff  0x02011600      0x1ac D:/devkitPro/devkitARM/bin/../lib/gcc/arm-none-eabi/14.2.0/../../../../arm-none-eabi/lib/thumb\libg.a(libc_a-mprec.o)
                0x02011600                __mdiff
 .text.__d2b    0x020117ac       0xc8 D:/devkitPro/devkitARM/bin/../lib/gcc/arm-none-eabi/14.2.0/../../../../arm-none-eabi/lib/thumb\libg.a(libc_a-mprec.o)
                0x020117ac                __d2b
 .text.fiprintf
                0x02011874       0x28 D:/devkitPro/devkitARM/bin/../lib/gcc/arm-none-eabi/14.2.0/../../../../arm-none-eabi/lib/thumb\libg.a(libc_a-fiprintf.o)
                0x02011874                fiprintf
 .text.__sread  0x0201189c       0x34 D:/devkitPro/devkitARM/bin/../lib/gcc/arm-none-eabi/14.2.0/../../../../arm-none-eabi/lib/thumb\libg.a(libc_a-stdio.o)
                0x0201189c                __sread
 .text.__swrite
                0x020118d0       0x4c D:/devkitPro/devkitARM/bin/../lib/gcc/arm-none-eabi/14.2.0/../../../../arm-none-eabi/lib/thumb\libg.a(libc_a-stdio.o)
                0x020118d0                __swrite
 .text.__sseek  0x0201191c       0x3c D:/devkitPro/devkitARM/bin/../lib/gcc/arm-none-eabi/14.2.0/../../../../arm-none-eabi/lib/thumb\libg.a(libc_a-stdio.o)
                0x0201191c                __sseek
 .text.__sclose
                0x02011958       0x10 D:/devkitPro/devkitARM/bin/../lib/gcc/arm-none-eabi/14.2.0/../../../../arm-none-eabi/lib/thumb\libg.a(libc_a-stdio.o)
                0x02011958                __sclose
 .text._fclose_r
                0x02011968       0xd4 D:/devkitPro/devkitARM/bin/../lib/gcc/arm-none-eabi/14.2.0/../../../../arm-none-eabi/lib/thumb\libg.a(libc_a-fclose.o)
                0x02011968                _fclose_r
 .text.__smakebuf_r
                0x02011a3c       0xdc D:/devkitPro/devkitARM/bin/../lib/gcc/arm-none-eabi/14.2.0/../../../../arm-none-eabi/lib/thumb\libg.a(libc_a-makebuf.o)
                0x02011a3c                __smakebuf_r
 .text.__call_exitprocs
                0x02011b18      0x10c D:/devkitPro/devkitARM/bin/../lib/gcc/arm-none-eabi/14.2.0/../../../../arm-none-eabi/lib/thumb\libg.a(libc_a-__call_atexit.o)
                0x02011b18                __call_exitprocs
 .text.get_arg  0x02011c24      0x428 D:/devkitPro/devkitARM/bin/../lib/gcc/arm-none-eabi/14.2.0/../../../../arm-none-eabi/lib/thumb\libg.a(libc_a-vfiprintf.o)
 .text._vfiprintf_r
                0x0201204c     0x1724 D:/devkitPro/devkitARM/bin/../lib/gcc/arm-none-eabi/14.2.0/../../../../arm-none-eabi/lib/thumb\libg.a(libc_a-vfiprintf.o)
                0x0201204c                _vfiprintf_r
 .text.__sbprintf
                0x02013770       0x7c D:/devkitPro/devkitARM/bin/../lib/gcc/arm-none-eabi/14.2.0/../../../../arm-none-eabi/lib/thumb\libg.a(libc_a-vfiprintf.o)
 .text.__sprint_r